Archive member included because of file (symbol)

c:/altera/11.0/nios2eds/bin/gnu/h-i686-mingw32/bin/../lib/gcc/nios2-elf/4.1.2/mhw-mulx\libgcc.a(_mul_sf.o)
                              obj/power_spi.o (__mulsf3)
c:/altera/11.0/nios2eds/bin/gnu/h-i686-mingw32/bin/../lib/gcc/nios2-elf/4.1.2/mhw-mulx\libgcc.a(_div_sf.o)
                              obj/power_spi.o (__divsf3)
c:/altera/11.0/nios2eds/bin/gnu/h-i686-mingw32/bin/../lib/gcc/nios2-elf/4.1.2/mhw-mulx\libgcc.a(_sf_to_si.o)
                              obj/power_spi.o (__fixsfsi)
c:/altera/11.0/nios2eds/bin/gnu/h-i686-mingw32/bin/../lib/gcc/nios2-elf/4.1.2/mhw-mulx\libgcc.a(_sf_to_df.o)
                              obj/power_spi.o (__extendsfdf2)
c:/altera/11.0/nios2eds/bin/gnu/h-i686-mingw32/bin/../lib/gcc/nios2-elf/4.1.2/mhw-mulx\libgcc.a(_thenan_sf.o)
                              c:/altera/11.0/nios2eds/bin/gnu/h-i686-mingw32/bin/../lib/gcc/nios2-elf/4.1.2/mhw-mulx\libgcc.a(_mul_sf.o) (__thenan_sf)
c:/altera/11.0/nios2eds/bin/gnu/h-i686-mingw32/bin/../lib/gcc/nios2-elf/4.1.2/mhw-mulx\libgcc.a(_usi_to_sf.o)
                              obj/power_spi.o (__floatunsisf)
c:/altera/11.0/nios2eds/bin/gnu/h-i686-mingw32/bin/../lib/gcc/nios2-elf/4.1.2/mhw-mulx\libgcc.a(_make_df.o)
                              c:/altera/11.0/nios2eds/bin/gnu/h-i686-mingw32/bin/../lib/gcc/nios2-elf/4.1.2/mhw-mulx\libgcc.a(_sf_to_df.o) (__make_dp)
c:/altera/11.0/nios2eds/bin/gnu/h-i686-mingw32/bin/../lib/gcc/nios2-elf/4.1.2/mhw-mulx\libgcc.a(lib2-divmod.o)
                              obj/aes.o (__divsi3)
c:/altera/11.0/nios2eds/bin/gnu/h-i686-mingw32/bin/../lib/gcc/nios2-elf/4.1.2/mhw-mulx\libgcc.a(lib2-divtable.o)
                              obj/aes.o (__divsi3_table)
c:/altera/11.0/nios2eds/bin/gnu/h-i686-mingw32/bin/../lib/gcc/nios2-elf/4.1.2/mhw-mulx\libgcc.a(_clzsi2.o)
                              c:/altera/11.0/nios2eds/bin/gnu/h-i686-mingw32/bin/../lib/gcc/nios2-elf/4.1.2/mhw-mulx\libgcc.a(_usi_to_sf.o) (__clzsi2)
c:/altera/11.0/nios2eds/bin/gnu/h-i686-mingw32/bin/../lib/gcc/nios2-elf/4.1.2/mhw-mulx\libgcc.a(_pack_sf.o)
                              c:/altera/11.0/nios2eds/bin/gnu/h-i686-mingw32/bin/../lib/gcc/nios2-elf/4.1.2/mhw-mulx\libgcc.a(_mul_sf.o) (__pack_f)
c:/altera/11.0/nios2eds/bin/gnu/h-i686-mingw32/bin/../lib/gcc/nios2-elf/4.1.2/mhw-mulx\libgcc.a(_unpack_sf.o)
                              c:/altera/11.0/nios2eds/bin/gnu/h-i686-mingw32/bin/../lib/gcc/nios2-elf/4.1.2/mhw-mulx\libgcc.a(_mul_sf.o) (__unpack_f)
c:/altera/11.0/nios2eds/bin/gnu/h-i686-mingw32/bin/../lib/gcc/nios2-elf/4.1.2/mhw-mulx\libgcc.a(_pack_df.o)
                              c:/altera/11.0/nios2eds/bin/gnu/h-i686-mingw32/bin/../lib/gcc/nios2-elf/4.1.2/mhw-mulx\libgcc.a(_make_df.o) (__pack_d)
c:/altera/11.0/nios2eds/bin/gnu/h-i686-mingw32/bin/../lib/gcc/nios2-elf/4.1.2/mhw-mulx\libgcc.a(_clz.o)
                              c:/altera/11.0/nios2eds/bin/gnu/h-i686-mingw32/bin/../lib/gcc/nios2-elf/4.1.2/mhw-mulx\libgcc.a(_clzsi2.o) (__clz_tab)
c:/altera/11.0/nios2eds/bin/gnu/h-i686-mingw32/bin/../lib/gcc/nios2-elf/4.1.2/../../../../nios2-elf/lib/mhw-mulx\libsmallc.a(lib_a-malloc.o)
                              obj/aes.o (free)
c:/altera/11.0/nios2eds/bin/gnu/h-i686-mingw32/bin/../lib/gcc/nios2-elf/4.1.2/../../../../nios2-elf/lib/mhw-mulx\libsmallc.a(lib_a-mallocr.o)
                              c:/altera/11.0/nios2eds/bin/gnu/h-i686-mingw32/bin/../lib/gcc/nios2-elf/4.1.2/../../../../nios2-elf/lib/mhw-mulx\libsmallc.a(lib_a-malloc.o) (_malloc_r)
c:/altera/11.0/nios2eds/bin/gnu/h-i686-mingw32/bin/../lib/gcc/nios2-elf/4.1.2/../../../../nios2-elf/lib/mhw-mulx\libsmallc.a(lib_a-memcpy.o)
                              obj/aes.o (memcpy)
c:/altera/11.0/nios2eds/bin/gnu/h-i686-mingw32/bin/../lib/gcc/nios2-elf/4.1.2/../../../../nios2-elf/lib/mhw-mulx\libsmallc.a(lib_a-memset.o)
                              obj/power_spi.o (memset)
c:/altera/11.0/nios2eds/bin/gnu/h-i686-mingw32/bin/../lib/gcc/nios2-elf/4.1.2/../../../../nios2-elf/lib/mhw-mulx\libsmallc.a(lib_a-printf.o)
                              obj/main.o (printf)
c:/altera/11.0/nios2eds/bin/gnu/h-i686-mingw32/bin/../lib/gcc/nios2-elf/4.1.2/../../../../nios2-elf/lib/mhw-mulx\libsmallc.a(lib_a-putchar.o)
                              obj/main.o (putchar)
c:/altera/11.0/nios2eds/bin/gnu/h-i686-mingw32/bin/../lib/gcc/nios2-elf/4.1.2/../../../../nios2-elf/lib/mhw-mulx\libsmallc.a(lib_a-puts.o)
                              obj/main.o (puts)
c:/altera/11.0/nios2eds/bin/gnu/h-i686-mingw32/bin/../lib/gcc/nios2-elf/4.1.2/../../../../nios2-elf/lib/mhw-mulx\libsmallc.a(lib_a-sbrkr.o)
                              c:/altera/11.0/nios2eds/bin/gnu/h-i686-mingw32/bin/../lib/gcc/nios2-elf/4.1.2/../../../../nios2-elf/lib/mhw-mulx\libsmallc.a(lib_a-mallocr.o) (_sbrk_r)
[...]
Memory Configuration

Name             Origin             Length             Attributes
cfi_flash_0      0x00000000         0x04000000
reset            0x04020000         0x00000020
onchip_memory2_0 0x04020020         0x00017fe0
*default*        0x00000000         0xffffffff

Linker script and memory map

LOAD ../SSD_EMU_bsp//obj/HAL/src/crt0.o
LOAD obj/DES.o
LOAD obj/aes.o
LOAD obj/cpu_energy_test.o
LOAD obj/main.o
LOAD obj/power_spi.o
LOAD c:/altera/11.0/nios2eds/bin/gnu/h-i686-mingw32/bin/../lib/gcc/nios2-elf/4.1.2/../../../../nios2-elf/lib/mhw-mulx\libstdc++.a
LOAD c:/altera/11.0/nios2eds/bin/gnu/h-i686-mingw32/bin/../lib/gcc/nios2-elf/4.1.2/../../../../nios2-elf/lib/mhw-mulx\libm.a
LOAD c:/altera/11.0/nios2eds/bin/gnu/h-i686-mingw32/bin/../lib/gcc/nios2-elf/4.1.2/mhw-mulx\libgcc.a
START GROUP
LOAD c:/altera/11.0/nios2eds/bin/gnu/h-i686-mingw32/bin/../lib/gcc/nios2-elf/4.1.2/../../../../nios2-elf/lib/mhw-mulx\libsmallc.a
LOAD c:/altera/11.0/nios2eds/bin/gnu/h-i686-mingw32/bin/../lib/gcc/nios2-elf/4.1.2/mhw-mulx\libgcc.a
LOAD ../SSD_EMU_bsp/\libhal_bsp.a
END GROUP
LOAD c:/altera/11.0/nios2eds/bin/gnu/h-i686-mingw32/bin/../lib/gcc/nios2-elf/4.1.2/mhw-mulx\libgcc.a
                0x00000000                __alt_mem_cfi_flash_0 = 0x0
                0x04020000                __alt_mem_onchip_memory2_0 = 0x4020000

.entry          0x04020000       0x20
 *(.entry)
 .entry         0x04020000       0x20 ../SSD_EMU_bsp//obj/HAL/src/crt0.o
                0x04020000                __reset

.exceptions     0x04020020      0x194
                0x04020020                PROVIDE (__ram_exceptions_start, ABSOLUTE (.))
                0x04020020                . = ALIGN (0x20)
 *(.irq)
 *(.exceptions.entry.label)
 .exceptions.entry.label
                0x04020020        0x0 ../SSD_EMU_bsp/\libhal_bsp.a(alt_irq_entry.o)
                0x04020020                alt_irq_entry
 .exceptions.entry.label
                0x04020020        0x0 ../SSD_EMU_bsp/\libhal_bsp.a(alt_exception_entry.o)
                0x04020020                alt_exception
 *(.exceptions.entry.user)
 *(.exceptions.entry)
 .exceptions.entry
                0x04020020       0x54 ../SSD_EMU_bsp/\libhal_bsp.a(alt_exception_entry.o)
 *(.exceptions.irqtest.user)
 *(.exceptions.irqtest)
 .exceptions.irqtest
                0x04020074       0x10 ../SSD_EMU_bsp/\libhal_bsp.a(alt_irq_entry.o)
 *(.exceptions.irqhandler.user)
 *(.exceptions.irqhandler)
 .exceptions.irqhandler
                0x04020084        0x4 ../SSD_EMU_bsp/\libhal_bsp.a(alt_irq_entry.o)
 *(.exceptions.irqreturn.user)
 *(.exceptions.irqreturn)
 .exceptions.irqreturn
                0x04020088        0x4 ../SSD_EMU_bsp/\libhal_bsp.a(alt_irq_entry.o)
 *(.exceptions.notirq.label)
 .exceptions.notirq.label
                0x0402008c        0x0 ../SSD_EMU_bsp/\libhal_bsp.a(alt_irq_entry.o)
 *(.exceptions.notirq.user)
 *(.exceptions.notirq)
 .exceptions.notirq
                0x0402008c        0x8 ../SSD_EMU_bsp/\libhal_bsp.a(alt_exception_entry.o)
 *(.exceptions.soft.user)
 *(.exceptions.soft)
 *(.exceptions.unknown.user)
 *(.exceptions.unknown)
 .exceptions.unknown
                0x04020094        0x4 ../SSD_EMU_bsp/\libhal_bsp.a(alt_exception_entry.o)
 *(.exceptions.exit.label)
 .exceptions.exit.label
                0x04020098        0x0 ../SSD_EMU_bsp/\libhal_bsp.a(alt_irq_entry.o)
 .exceptions.exit.label
                0x04020098        0x0 ../SSD_EMU_bsp/\libhal_bsp.a(alt_exception_entry.o)
 *(.exceptions.exit.user)
 *(.exceptions.exit)
 .exceptions.exit
                0x04020098       0x54 ../SSD_EMU_bsp/\libhal_bsp.a(alt_exception_entry.o)
 *(.exceptions)
 .exceptions    0x040200ec       0xc8 ../SSD_EMU_bsp/\libhal_bsp.a(alt_irq_handler.o)
                0x040200ec                alt_irq_handler
                0x040201b4                PROVIDE (__ram_exceptions_end, ABSOLUTE (.))
                0x04020020                PROVIDE (__flash_exceptions_start, LOADADDR (.exceptions))

.text           0x040201b4     0xd090
                0x040201b4                PROVIDE (stext, ABSOLUTE (.))
 *(.interp)
 *(.hash)
 *(.dynsym)
 *(.dynstr)
 *(.gnu.version)
 *(.gnu.version_d)
 *(.gnu.version_r)
 *(.rel.init)
 *(.rela.init)
 *(.rel.text .rel.text.* .rel.gnu.linkonce.t.*)
 *(.rela.text .rela.text.* .rela.gnu.linkonce.t.*)
 *(.rel.fini)
 *(.rela.fini)
 *(.rel.rodata .rel.rodata.* .rel.gnu.linkonce.r.*)
 *(.rela.rodata .rela.rodata.* .rela.gnu.linkonce.r.*)
 *(.rel.data .rel.data.* .rel.gnu.linkonce.d.*)
 *(.rela.data .rela.data.* .rela.gnu.linkonce.d.*)
 *(.rel.tdata .rel.tdata.* .rel.gnu.linkonce.td.*)
 *(.rela.tdata .rela.tdata.* .rela.gnu.linkonce.td.*)
 *(.rel.tbss .rel.tbss.* .rel.gnu.linkonce.tb.*)
 *(.rela.tbss .rela.tbss.* .rela.gnu.linkonce.tb.*)
 *(.rel.ctors)
 *(.rela.ctors)
 *(.rel.dtors)
 *(.rela.dtors)
 *(.rel.got)
 *(.rela.got)
 *(.rel.sdata .rel.sdata.* .rel.gnu.linkonce.s.*)
 *(.rela.sdata .rela.sdata.* .rela.gnu.linkonce.s.*)
 *(.rel.sbss .rel.sbss.* .rel.gnu.linkonce.sb.*)
 *(.rela.sbss .rela.sbss.* .rela.gnu.linkonce.sb.*)
 *(.rel.sdata2 .rel.sdata2.* .rel.gnu.linkonce.s2.*)
 *(.rela.sdata2 .rela.sdata2.* .rela.gnu.linkonce.s2.*)
 *(.rel.sbss2 .rel.sbss2.* .rel.gnu.linkonce.sb2.*)
 *(.rela.sbss2 .rela.sbss2.* .rela.gnu.linkonce.sb2.*)
 *(.rel.bss .rel.bss.* .rel.gnu.linkonce.b.*)
 *(.rela.bss .rela.bss.* .rela.gnu.linkonce.b.*)
 *(.rel.plt)
 *(.rela.plt)
 *(.rel.dyn)
 *(.init)
 *(.plt)
 *(.text .stub .text.* .gnu.linkonce.t.*)
 .text          0x040201b4       0x4c ../SSD_EMU_bsp//obj/HAL/src/crt0.o
                0x040201b4                _start
 .text          0x04020200      0xa2c obj/DES.o
                0x04020200                auth_DESkey8to7
                0x0402032c                auth_DEShash
 .text          0x04020c2c     0x37d8 obj/aes.o
                0x04020c2c                aes_subword
                0x04020c88                aes_rotword
                0x04020ca8                aes_keyexpansion
                0x04020f08                aes_mul_manual
                0x04020f58                aes_subbytes
                0x04021064                aes_addroundkey
                0x0402124c                aes_invsubbytes
                0x04021358                aes_free_ctx
                0x0402135c                aes_invmixcolumns
                0x04021b5c                aes_invshiftrows
                0x04021c08                aes_mixcolumns
                0x04022af0                aes_shiftrows
                0x04022b9c                init_aes
                0x04022dc8                aes_encrypt
                0x04023718                aes_decrypt
                0x0402411c                aes_alloc_ctx
 .text          0x04024404        0x0 obj/cpu_energy_test.o
 .text          0x04024404     0x12c0 obj/main.o
                0x04024404                csleep
                0x0402443c                spi_pow_testbench
                0x04024490                ci_testbench
                0x040246ac                mbc_testbench
                0x040246f4                des_testbench
                0x04024854                fir_testbench
                0x04024f8c                aes_testbench
                0x040251e8                spi_tx_char
                0x04025248                main
 .text          0x040256c4      0x978 obj/power_spi.o
                0x040256c4                reset_power_tick
                0x040256cc                POWER_SPI_RW
                0x04025a14                POWER_Read
                0x04025b94                measure_power
 .text          0x0402603c      0x1c8 c:/altera/11.0/nios2eds/bin/gnu/h-i686-mingw32/bin/../lib/gcc/nios2-elf/4.1.2/mhw-mulx\libgcc.a(_mul_sf.o)
                0x0402603c                __mulsf3
 .text          0x04026204      0x174 c:/altera/11.0/nios2eds/bin/gnu/h-i686-mingw32/bin/../lib/gcc/nios2-elf/4.1.2/mhw-mulx\libgcc.a(_div_sf.o)
                0x04026204                __divsf3
 .text          0x04026378       0x94 c:/altera/11.0/nios2eds/bin/gnu/h-i686-mingw32/bin/../lib/gcc/nios2-elf/4.1.2/mhw-mulx\libgcc.a(_sf_to_si.o)
                0x04026378                __fixsfsi
 .text          0x0402640c       0x54 c:/altera/11.0/nios2eds/bin/gnu/h-i686-mingw32/bin/../lib/gcc/nios2-elf/4.1.2/mhw-mulx\libgcc.a(_sf_to_df.o)
                0x0402640c                __extendsfdf2
 .text          0x04026460        0x0 c:/altera/11.0/nios2eds/bin/gnu/h-i686-mingw32/bin/../lib/gcc/nios2-elf/4.1.2/mhw-mulx\libgcc.a(_thenan_sf.o)
 .text          0x04026460       0xc0 c:/altera/11.0/nios2eds/bin/gnu/h-i686-mingw32/bin/../lib/gcc/nios2-elf/4.1.2/mhw-mulx\libgcc.a(_usi_to_sf.o)
                0x04026460                __floatunsisf
 .text          0x04026520       0x38 c:/altera/11.0/nios2eds/bin/gnu/h-i686-mingw32/bin/../lib/gcc/nios2-elf/4.1.2/mhw-mulx\libgcc.a(_make_df.o)
                0x04026520                __make_dp
 .text          0x04026558      0x14c c:/altera/11.0/nios2eds/bin/gnu/h-i686-mingw32/bin/../lib/gcc/nios2-elf/4.1.2/mhw-mulx\libgcc.a(lib2-divmod.o)
                0x040265d4                __divsi3
                0x04026634                __modsi3
                0x04026694                __udivsi3
                0x0402669c                __umodsi3
 .text          0x040266a4        0x0 c:/altera/11.0/nios2eds/bin/gnu/h-i686-mingw32/bin/../lib/gcc/nios2-elf/4.1.2/mhw-mulx\libgcc.a(lib2-divtable.o)
 .text          0x040266a4       0x80 c:/altera/11.0/nios2eds/bin/gnu/h-i686-mingw32/bin/../lib/gcc/nios2-elf/4.1.2/mhw-mulx\libgcc.a(_clzsi2.o)
                0x040266a4                __clzsi2
 .text          0x04026724      0x160 c:/altera/11.0/nios2eds/bin/gnu/h-i686-mingw32/bin/../lib/gcc/nios2-elf/4.1.2/mhw-mulx\libgcc.a(_pack_sf.o)
                0x04026724                __pack_f
 .text          0x04026884       0xc8 c:/altera/11.0/nios2eds/bin/gnu/h-i686-mingw32/bin/../lib/gcc/nios2-elf/4.1.2/mhw-mulx\libgcc.a(_unpack_sf.o)
                0x04026884                __unpack_f
 .text          0x0402694c      0x314 c:/altera/11.0/nios2eds/bin/gnu/h-i686-mingw32/bin/../lib/gcc/nios2-elf/4.1.2/mhw-mulx\libgcc.a(_pack_df.o)
                0x0402694c                __pack_d
 .text          0x04026c60        0x0 c:/altera/11.0/nios2eds/bin/gnu/h-i686-mingw32/bin/../lib/gcc/nios2-elf/4.1.2/mhw-mulx\libgcc.a(_clz.o)
 .text          0x04026c60       0x28 c:/altera/11.0/nios2eds/bin/gnu/h-i686-mingw32/bin/../lib/gcc/nios2-elf/4.1.2/../../../../nios2-elf/lib/mhw-mulx\libsmallc.a(lib_a-malloc.o)
                0x04026c60                free
                0x04026c74                malloc
 .text          0x04026c88      0x740 c:/altera/11.0/nios2eds/bin/gnu/h-i686-mingw32/bin/../lib/gcc/nios2-elf/4.1.2/../../../../nios2-elf/lib/mhw-mulx\libsmallc.a(lib_a-mallocr.o)
                0x04026c88                _malloc_r
 .text          0x040273c8       0x2c c:/altera/11.0/nios2eds/bin/gnu/h-i686-mingw32/bin/../lib/gcc/nios2-elf/4.1.2/../../../../nios2-elf/lib/mhw-mulx\libsmallc.a(lib_a-memcpy.o)
                0x040273c8                memcpy
 .text          0x040273f4       0x20 c:/altera/11.0/nios2eds/bin/gnu/h-i686-mingw32/bin/../lib/gcc/nios2-elf/4.1.2/../../../../nios2-elf/lib/mhw-mulx\libsmallc.a(lib_a-memset.o)
                0x040273f4                memset
 .text          0x04027414       0x98 c:/altera/11.0/nios2eds/bin/gnu/h-i686-mingw32/bin/../lib/gcc/nios2-elf/4.1.2/../../../../nios2-elf/lib/mhw-mulx\libsmallc.a(lib_a-printf.o)
                0x04027414                printf
                0x04027468                _printf_r
 .text          0x040274ac       0x24 c:/altera/11.0/nios2eds/bin/gnu/h-i686-mingw32/bin/../lib/gcc/nios2-elf/4.1.2/../../../../nios2-elf/lib/mhw-mulx\libsmallc.a(lib_a-putchar.o)
                0x040274ac                putchar
                0x040274c8                _putchar_r
 .text          0x040274d0       0xa4 c:/altera/11.0/nios2eds/bin/gnu/h-i686-mingw32/bin/../lib/gcc/nios2-elf/4.1.2/../../../../nios2-elf/lib/mhw-mulx\libsmallc.a(lib_a-puts.o)
                0x040274d0                _puts_r
                0x04027560                puts
 .text          0x04027574       0x70 c:/altera/11.0/nios2eds/bin/gnu/h-i686-mingw32/bin/../lib/gcc/nios2-elf/4.1.2/../../../../nios2-elf/lib/mhw-mulx\libsmallc.a(lib_a-sbrkr.o)
                0x04027574                _sbrk_r
 .text          0x040275e4       0x20 c:/altera/11.0/nios2eds/bin/gnu/h-i686-mingw32/bin/../lib/gcc/nios2-elf/4.1.2/../../../../nios2-elf/lib/mhw-mulx\libsmallc.a(lib_a-strlen.o)
                0x040275e4                strlen
 .text          0x04027604      0x678 c:/altera/11.0/nios2eds/bin/gnu/h-i686-mingw32/bin/../lib/gcc/nios2-elf/4.1.2/../../../../nios2-elf/lib/mhw-mulx\libsmallc.a(lib_a-vfprintf.o)
                0x04027684                ___vfprintf_internal_r
                0x04027c58                __vfprintf_internal
 .text          0x04027c7c      0x440 c:/altera/11.0/nios2eds/bin/gnu/h-i686-mingw32/bin/../lib/gcc/nios2-elf/4.1.2/../../../../nios2-elf/lib/mhw-mulx\libsmallc.a(lib_a-freer.o)
                0x04027c7c                _malloc_trim_r
                0x04027da8                _free_r
 .text          0x040280bc       0xbc c:/altera/11.0/nios2eds/bin/gnu/h-i686-mingw32/bin/../lib/gcc/nios2-elf/4.1.2/../../../../nios2-elf/lib/mhw-mulx\libsmallc.a(lib_a-fvwrite_small_dev.o)
                0x040280bc                __sfvwrite_small_dev
 .text          0x04028178        0x0 c:/altera/11.0/nios2eds/bin/gnu/h-i686-mingw32/bin/../lib/gcc/nios2-elf/4.1.2/../../../../nios2-elf/lib/mhw-mulx\libsmallc.a(lib_a-impure.o)
 .text          0x04028178        0x0 c:/altera/11.0/nios2eds/bin/gnu/h-i686-mingw32/bin/../lib/gcc/nios2-elf/4.1.2/../../../../nios2-elf/lib/mhw-mulx\libsmallc.a(lib_a-int_errno.o)
 .text          0x04028178       0xe4 c:/altera/11.0/nios2eds/bin/gnu/h-i686-mingw32/bin/../lib/gcc/nios2-elf/4.1.2/../../../../nios2-elf/lib/mhw-mulx\libsmallc.a(lib_a-putc.o)
                0x04028178                putc
                0x040281e8                _putc_r
 .text          0x0402825c       0x78 c:/altera/11.0/nios2eds/bin/gnu/h-i686-mingw32/bin/../lib/gcc/nios2-elf/4.1.2/../../../../nios2-elf/lib/mhw-mulx\libsmallc.a(lib_a-writer.o)
                0x0402825c                _write_r
 .text          0x040282d4       0xd0 ../SSD_EMU_bsp/\libhal_bsp.a(alt_flash_dev.o)
                0x040282d4                alt_flash_open_dev
                0x04028350                alt_flash_close_dev
 .text          0x040283a4       0xec ../SSD_EMU_bsp/\libhal_bsp.a(alt_load.o)
                0x040283a4                alt_load
 .text          0x04028490       0x5c ../SSD_EMU_bsp/\libhal_bsp.a(alt_main.o)
                0x04028490                alt_main
 .text          0x040284ec       0x40 ../SSD_EMU_bsp/\libhal_bsp.a(alt_malloc_lock.o)
                0x040284ec                __malloc_lock
                0x0402850c                __malloc_unlock
 .text          0x0402852c       0xbc ../SSD_EMU_bsp/\libhal_bsp.a(alt_sbrk.o)
                0x0402852c                sbrk
 .text          0x040285e8       0x30 ../SSD_EMU_bsp/\libhal_bsp.a(alt_usleep.o)
                0x040285e8                usleep
 .text          0x04028618      0x180 ../SSD_EMU_bsp/\libhal_bsp.a(alt_write.o)
                0x04028618                write
 .text          0x04028798       0xfc ../SSD_EMU_bsp/\libhal_bsp.a(alt_sys_init.o)
                0x04028798                alt_irq_init
                0x040287cc                alt_sys_init
 .text          0x04028894      0x8c8 ../SSD_EMU_bsp/\libhal_bsp.a(altera_avalon_cfi_flash.o)
                0x04028894                alt_flash_cfi_init
                0x04028968                alt_flash_cfi_write
                0x04028c28                alt_flash_cfi_get_info
                0x04028cb8                alt_flash_cfi_read
                0x04028d20                alt_write_value_to_flash
                0x04028e84                alt_flash_program_block
 .text          0x0402915c     0x1448 ../SSD_EMU_bsp/\libhal_bsp.a(altera_avalon_cfi_flash_table.o)
                0x0402915c                alt_read_query_entry_8bit
                0x0402919c                alt_read_query_entry_16bit
                0x040291e0                alt_read_query_entry_32bit
                0x04029228                alt_write_flash_command_8bit_device_8bit_mode
                0x04029264                alt_write_flash_command_16bit_device_8bit_mode
                0x040292e0                alt_write_flash_command_32bit_device_8bit_mode
                0x04029328                alt_write_flash_command_16bit_device_16bit_mode
                0x0402936c                alt_write_flash_command_32bit_device_16bit_mode
                0x040293b4                alt_write_flash_command_32bit_device_32bit_mode
                0x040293fc                alt_write_native_8bit
                0x04029430                alt_write_native_16bit
                0x04029464                alt_write_native_32bit
                0x04029494                alt_set_flash_width_func
                0x04029674                alt_set_flash_algorithm_func
                0x0402979c                alt_read_cfi_table
                0x04029d1c                alt_read_cfi_width
                0x0402a4c8                alt_check_primary_table
 .text          0x0402a5a4      0x148 ../SSD_EMU_bsp/\libhal_bsp.a(altera_avalon_jtag_uart_fd.o)
                0x0402a5a4                altera_avalon_jtag_uart_read_fd
                0x0402a5fc                altera_avalon_jtag_uart_write_fd
                0x0402a654                altera_avalon_jtag_uart_close_fd
                0x0402a69c                altera_avalon_jtag_uart_ioctl_fd
 .text          0x0402a6ec      0x40c ../SSD_EMU_bsp/\libhal_bsp.a(altera_avalon_jtag_uart_init.o)
                0x0402a6ec                altera_avalon_jtag_uart_init
                0x0402aa84                altera_avalon_jtag_uart_close
 .text          0x0402aaf8       0xf4 ../SSD_EMU_bsp/\libhal_bsp.a(altera_avalon_jtag_uart_ioctl.o)
                0x0402aaf8                altera_avalon_jtag_uart_ioctl
 .text          0x0402abec      0x224 ../SSD_EMU_bsp/\libhal_bsp.a(altera_avalon_jtag_uart_read.o)
                0x0402abec                altera_avalon_jtag_uart_read
 .text          0x0402ae10      0x240 ../SSD_EMU_bsp/\libhal_bsp.a(altera_avalon_jtag_uart_write.o)
                0x0402ae10                altera_avalon_jtag_uart_write
 .text          0x0402b050      0x238 ../SSD_EMU_bsp/\libhal_bsp.a(altera_avalon_spi.o)
                0x0402b050                alt_avalon_spi_command
 .text          0x0402b288      0x100 ../SSD_EMU_bsp/\libhal_bsp.a(altera_avalon_timer_sc.o)
                0x0402b2f8                alt_avalon_timer_sc_init
 .text          0x0402b388      0x168 ../SSD_EMU_bsp/\libhal_bsp.a(altera_avalon_timer_ts.o)
                0x0402b388                alt_timestamp_start
                0x0402b42c                alt_timestamp
                0x0402b4c8                alt_timestamp_freq
 .text          0x0402b4f0        0x0 ../SSD_EMU_bsp/\libhal_bsp.a(altera_avalon_timer_vars.o)
 .text          0x0402b4f0      0x154 ../SSD_EMU_bsp/\libhal_bsp.a(alt_alarm_start.o)
                0x0402b4f0                alt_alarm_start
 .text          0x0402b644      0x14c ../SSD_EMU_bsp/\libhal_bsp.a(alt_busy_sleep.o)
                0x0402b644                alt_busy_sleep
 .text          0x0402b790      0x15c ../SSD_EMU_bsp/\libhal_bsp.a(alt_close.o)
                0x0402b790                close
 .text          0x0402b8ec       0x78 ../SSD_EMU_bsp/\libhal_bsp.a(alt_dcache_flush.o)
                0x0402b8ec                alt_dcache_flush
 .text          0x0402b964       0x44 ../SSD_EMU_bsp/\libhal_bsp.a(alt_dcache_flush_all.o)
                0x0402b964                alt_dcache_flush_all
 .text          0x0402b9a8       0x2c ../SSD_EMU_bsp/\libhal_bsp.a(alt_dev.o)
 .text          0x0402b9d4      0x114 ../SSD_EMU_bsp/\libhal_bsp.a(alt_dev_llist_insert.o)
                0x0402b9d4                alt_dev_llist_insert
 .text          0x0402bae8        0x0 ../SSD_EMU_bsp/\libhal_bsp.a(alt_errno.o)
 .text          0x0402bae8       0x94 ../SSD_EMU_bsp/\libhal_bsp.a(alt_find_dev.o)
                0x0402bae8                alt_find_dev
 .text          0x0402bb7c       0x30 ../SSD_EMU_bsp/\libhal_bsp.a(alt_icache_flush_all.o)
                0x0402bb7c                alt_icache_flush_all
 .text          0x0402bbac      0x1d4 ../SSD_EMU_bsp/\libhal_bsp.a(alt_iic.o)
                0x0402bbac                alt_ic_isr_register
                0x0402bbfc                alt_ic_irq_enable
                0x0402bc98                alt_ic_irq_disable
                0x0402bd38                alt_ic_irq_enabled
 .text          0x0402bd80       0xf8 ../SSD_EMU_bsp/\libhal_bsp.a(alt_iic_isr_register.o)
                0x0402bd80                alt_iic_isr_register
 .text          0x0402be78      0x13c ../SSD_EMU_bsp/\libhal_bsp.a(alt_io_redirect.o)
                0x0402bf3c                alt_io_redirect
 .text          0x0402bfb4        0x0 ../SSD_EMU_bsp/\libhal_bsp.a(alt_irq_entry.o)
 .text          0x0402bfb4        0x0 ../SSD_EMU_bsp/\libhal_bsp.a(alt_irq_handler.o)
 .text          0x0402bfb4        0x0 ../SSD_EMU_bsp/\libhal_bsp.a(alt_irq_vars.o)
 .text          0x0402bfb4      0x2c4 ../SSD_EMU_bsp/\libhal_bsp.a(alt_open.o)
                0x0402c090                open
 .text          0x0402c278       0x60 ../SSD_EMU_bsp/\libhal_bsp.a(alt_release_fd.o)
                0x0402c278                alt_release_fd
 .text          0x0402c2d8      0x1a4 ../SSD_EMU_bsp/\libhal_bsp.a(alt_tick.o)
                0x0402c2d8                alt_alarm_stop
                0x0402c370                alt_tick
 .text          0x0402c47c       0x20 ../SSD_EMU_bsp/\libhal_bsp.a(altera_nios2_qsys_irq.o)
                0x0402c47c                altera_nios2_qsys_irq_init
 .text          0x0402c49c      0x460 ../SSD_EMU_bsp/\libhal_bsp.a(altera_avalon_cfi_flash_amd.o)
                0x0402c49c                alt_program_amd
                0x0402c504                alt_erase_block_amd
 .text          0x0402c8fc      0x460 ../SSD_EMU_bsp/\libhal_bsp.a(altera_avalon_cfi_flash_intel.o)
                0x0402c8fc                alt_program_intel
                0x0402c980                alt_erase_block_intel
 .text          0x0402cd5c        0x0 ../SSD_EMU_bsp/\libhal_bsp.a(alt_exception_entry.o)
 .text          0x0402cd5c      0x120 ../SSD_EMU_bsp/\libhal_bsp.a(alt_find_file.o)
                0x0402cd5c                alt_find_file
 .text          0x0402ce7c       0xb8 ../SSD_EMU_bsp/\libhal_bsp.a(alt_get_fd.o)
                0x0402ce7c                alt_get_fd
 .text          0x0402cf34       0x90 ../SSD_EMU_bsp/\libhal_bsp.a(alt_icache_flush.o)
                0x0402cf34                alt_icache_flush
 .text          0x0402cfc4       0x20 c:/altera/11.0/nios2eds/bin/gnu/h-i686-mingw32/bin/../lib/gcc/nios2-elf/4.1.2/../../../../nios2-elf/lib/mhw-mulx\libsmallc.a(lib_a-exit.o)
                0x0402cfc4                exit
 .text          0x0402cfe4       0x3c c:/altera/11.0/nios2eds/bin/gnu/h-i686-mingw32/bin/../lib/gcc/nios2-elf/4.1.2/../../../../nios2-elf/lib/mhw-mulx\libsmallc.a(lib_a-memcmp.o)
                0x0402cfe4                memcmp
 .text          0x0402d020      0x1c0 c:/altera/11.0/nios2eds/bin/gnu/h-i686-mingw32/bin/../lib/gcc/nios2-elf/4.1.2/../../../../nios2-elf/lib/mhw-mulx\libsmallc.a(lib_a-__call_atexit.o)
                0x0402d024                __call_exitprocs
 .text          0x0402d1e0       0x60 ../SSD_EMU_bsp/\libhal_bsp.a(alt_exit.o)
                0x0402d220                _exit
 *(.gnu.warning.*)
 *(.fini)
                0x0402d240                PROVIDE (__etext, ABSOLUTE (.))
                0x0402d240                PROVIDE (_etext, ABSOLUTE (.))
                0x0402d240                PROVIDE (etext, ABSOLUTE (.))
 *(.eh_frame_hdr)
                0x0402d240                . = ALIGN (0x4)
                0x0402d240                PROVIDE (__preinit_array_start, ABSOLUTE (.))
 *(.preinit_array)
                0x0402d240                PROVIDE (__preinit_array_end, ABSOLUTE (.))
                0x0402d240                PROVIDE (__init_array_start, ABSOLUTE (.))
 *(.init_array)
                0x0402d240                PROVIDE (__init_array_end, ABSOLUTE (.))
                0x0402d240                PROVIDE (__fini_array_start, ABSOLUTE (.))
 *(.fini_array)
                0x0402d240                PROVIDE (__fini_array_end, ABSOLUTE (.))
 *(.eh_frame)
 *(.gcc_except_table)
 *(.dynamic)
                0x0402d240                PROVIDE (__CTOR_LIST__, ABSOLUTE (.))
 *(.ctors)
 *(SORT(.ctors.*))
 .ctors.65535   0x0402d240        0x4 c:/altera/11.0/nios2eds/bin/gnu/h-i686-mingw32/bin/../lib/gcc/nios2-elf/4.1.2/../../../../nios2-elf/lib/mhw-mulx\libsmallc.a(lib_a-__call_atexit.o)
                0x0402d244                PROVIDE (__CTOR_END__, ABSOLUTE (.))
                0x0402d244                PROVIDE (__DTOR_LIST__, ABSOLUTE (.))
 *(.dtors)
 *(SORT(.dtors.*))
                0x0402d244                PROVIDE (__DTOR_END__, ABSOLUTE (.))
 *(.jcr)
                0x0402d244                . = ALIGN (0x4)

.rodata         0x0402d244      0x9b8
                0x0402d244                PROVIDE (__ram_rodata_start, ABSOLUTE (.))
                0x0402d244                . = ALIGN (0x4)
 *(.rodata .rodata.* .gnu.linkonce.r.*)
 .rodata        0x0402d244      0x300 obj/DES.o
 .rodata.str1.4
                0x0402d544      0x15c obj/main.o
 .rodata.str1.4
                0x0402d6a0      0x104 obj/power_spi.o
 .rodata        0x0402d7a4      0x300 obj/power_spi.o
 .rodata        0x0402daa4       0x10 c:/altera/11.0/nios2eds/bin/gnu/h-i686-mingw32/bin/../lib/gcc/nios2-elf/4.1.2/mhw-mulx\libgcc.a(_thenan_sf.o)
                0x0402daa4                __thenan_sf
 .rodata        0x0402dab4      0x100 c:/altera/11.0/nios2eds/bin/gnu/h-i686-mingw32/bin/../lib/gcc/nios2-elf/4.1.2/mhw-mulx\libgcc.a(_clz.o)
                0x0402dab4                __clz_tab
 .rodata.str1.4
                0x00000000      0x104 c:/altera/11.0/nios2eds/bin/gnu/h-i686-mingw32/bin/../lib/gcc/nios2-elf/4.1.2/../../../../nios2-elf/lib/mhw-mulx\libsmallc.a(lib_a-puts.o)
                                  0x4 (size before relaxing)
 .rodata        0x0402dbb4       0x14 ../SSD_EMU_bsp/\libhal_bsp.a(alt_main.o)
 .rodata        0x0402dbc8       0x28 ../SSD_EMU_bsp/\libhal_bsp.a(alt_sys_init.o)
 .rodata        0x0402dbf0        0xc ../SSD_EMU_bsp/\libhal_bsp.a(alt_dev.o)
 *(.rodata1)
                0x0402dbfc                . = ALIGN (0x4)
                0x0402dbfc                PROVIDE (__ram_rodata_end, ABSOLUTE (.))
                0x0402d244                PROVIDE (__flash_rodata_start, LOADADDR (.rodata))

.rwdata         0x0402dbfc     0x19d8 load address 0x0402f5d4
                0x0402dbfc                PROVIDE (__ram_rwdata_start, ABSOLUTE (.))
                0x0402dbfc                . = ALIGN (0x4)
 *(.got.plt)
 *(.got)
 *(.data1)
 *(.data .data.* .gnu.linkonce.d.*)
 .data          0x0402dbfc        0x0 ../SSD_EMU_bsp//obj/HAL/src/crt0.o
 .data          0x0402dbfc        0x0 obj/DES.o
 .data          0x0402dbfc        0x0 obj/aes.o
 .data          0x0402dbfc        0x0 obj/cpu_energy_test.o
 .data          0x0402dbfc       0xa0 obj/main.o
                0x0402dbfc                key
                0x0402dc0c                ptext
                0x0402dc1c                co0
                0x0402dc5c                in0
 .data          0x0402dc9c        0x0 obj/power_spi.o
 .data          0x0402dc9c        0x0 c:/altera/11.0/nios2eds/bin/gnu/h-i686-mingw32/bin/../lib/gcc/nios2-elf/4.1.2/mhw-mulx\libgcc.a(_mul_sf.o)
 .data          0x0402dc9c        0x0 c:/altera/11.0/nios2eds/bin/gnu/h-i686-mingw32/bin/../lib/gcc/nios2-elf/4.1.2/mhw-mulx\libgcc.a(_div_sf.o)
 .data          0x0402dc9c        0x0 c:/altera/11.0/nios2eds/bin/gnu/h-i686-mingw32/bin/../lib/gcc/nios2-elf/4.1.2/mhw-mulx\libgcc.a(_sf_to_si.o)
 .data          0x0402dc9c        0x0 c:/altera/11.0/nios2eds/bin/gnu/h-i686-mingw32/bin/../lib/gcc/nios2-elf/4.1.2/mhw-mulx\libgcc.a(_sf_to_df.o)
 .data          0x0402dc9c        0x0 c:/altera/11.0/nios2eds/bin/gnu/h-i686-mingw32/bin/../lib/gcc/nios2-elf/4.1.2/mhw-mulx\libgcc.a(_thenan_sf.o)
 .data          0x0402dc9c        0x0 c:/altera/11.0/nios2eds/bin/gnu/h-i686-mingw32/bin/../lib/gcc/nios2-elf/4.1.2/mhw-mulx\libgcc.a(_usi_to_sf.o)
 .data          0x0402dc9c        0x0 c:/altera/11.0/nios2eds/bin/gnu/h-i686-mingw32/bin/../lib/gcc/nios2-elf/4.1.2/mhw-mulx\libgcc.a(_make_df.o)
 .data          0x0402dc9c        0x0 c:/altera/11.0/nios2eds/bin/gnu/h-i686-mingw32/bin/../lib/gcc/nios2-elf/4.1.2/mhw-mulx\libgcc.a(lib2-divmod.o)
 .data          0x0402dc9c      0x100 c:/altera/11.0/nios2eds/bin/gnu/h-i686-mingw32/bin/../lib/gcc/nios2-elf/4.1.2/mhw-mulx\libgcc.a(lib2-divtable.o)
                0x0402dc9c                __divsi3_table
 .data          0x0402dd9c        0x0 c:/altera/11.0/nios2eds/bin/gnu/h-i686-mingw32/bin/../lib/gcc/nios2-elf/4.1.2/mhw-mulx\libgcc.a(_clzsi2.o)
 .data          0x0402dd9c        0x0 c:/altera/11.0/nios2eds/bin/gnu/h-i686-mingw32/bin/../lib/gcc/nios2-elf/4.1.2/mhw-mulx\libgcc.a(_pack_sf.o)
 .data          0x0402dd9c        0x0 c:/altera/11.0/nios2eds/bin/gnu/h-i686-mingw32/bin/../lib/gcc/nios2-elf/4.1.2/mhw-mulx\libgcc.a(_unpack_sf.o)
 .data          0x0402dd9c        0x0 c:/altera/11.0/nios2eds/bin/gnu/h-i686-mingw32/bin/../lib/gcc/nios2-elf/4.1.2/mhw-mulx\libgcc.a(_pack_df.o)
 .data          0x0402dd9c        0x0 c:/altera/11.0/nios2eds/bin/gnu/h-i686-mingw32/bin/../lib/gcc/nios2-elf/4.1.2/mhw-mulx\libgcc.a(_clz.o)
 .data          0x0402dd9c        0x0 c:/altera/11.0/nios2eds/bin/gnu/h-i686-mingw32/bin/../lib/gcc/nios2-elf/4.1.2/../../../../nios2-elf/lib/mhw-mulx\libsmallc.a(lib_a-malloc.o)
 .data          0x0402dd9c      0x408 c:/altera/11.0/nios2eds/bin/gnu/h-i686-mingw32/bin/../lib/gcc/nios2-elf/4.1.2/../../../../nios2-elf/lib/mhw-mulx\libsmallc.a(lib_a-mallocr.o)
                0x0402dd9c                __malloc_av_
 .data          0x0402e1a4        0x0 c:/altera/11.0/nios2eds/bin/gnu/h-i686-mingw32/bin/../lib/gcc/nios2-elf/4.1.2/../../../../nios2-elf/lib/mhw-mulx\libsmallc.a(lib_a-memcpy.o)
 .data          0x0402e1a4        0x0 c:/altera/11.0/nios2eds/bin/gnu/h-i686-mingw32/bin/../lib/gcc/nios2-elf/4.1.2/../../../../nios2-elf/lib/mhw-mulx\libsmallc.a(lib_a-memset.o)
 .data          0x0402e1a4        0x0 c:/altera/11.0/nios2eds/bin/gnu/h-i686-mingw32/bin/../lib/gcc/nios2-elf/4.1.2/../../../../nios2-elf/lib/mhw-mulx\libsmallc.a(lib_a-printf.o)
 .data          0x0402e1a4        0x0 c:/altera/11.0/nios2eds/bin/gnu/h-i686-mingw32/bin/../lib/gcc/nios2-elf/4.1.2/../../../../nios2-elf/lib/mhw-mulx\libsmallc.a(lib_a-putchar.o)
 .data          0x0402e1a4        0x0 c:/altera/11.0/nios2eds/bin/gnu/h-i686-mingw32/bin/../lib/gcc/nios2-elf/4.1.2/../../../../nios2-elf/lib/mhw-mulx\libsmallc.a(lib_a-puts.o)
 .data          0x0402e1a4        0x0 c:/altera/11.0/nios2eds/bin/gnu/h-i686-mingw32/bin/../lib/gcc/nios2-elf/4.1.2/../../../../nios2-elf/lib/mhw-mulx\libsmallc.a(lib_a-sbrkr.o)
 .data          0x0402e1a4        0x0 c:/altera/11.0/nios2eds/bin/gnu/h-i686-mingw32/bin/../lib/gcc/nios2-elf/4.1.2/../../../../nios2-elf/lib/mhw-mulx\libsmallc.a(lib_a-strlen.o)
 .data          0x0402e1a4        0x0 c:/altera/11.0/nios2eds/bin/gnu/h-i686-mingw32/bin/../lib/gcc/nios2-elf/4.1.2/../../../../nios2-elf/lib/mhw-mulx\libsmallc.a(lib_a-vfprintf.o)
 .data          0x0402e1a4        0x0 c:/altera/11.0/nios2eds/bin/gnu/h-i686-mingw32/bin/../lib/gcc/nios2-elf/4.1.2/../../../../nios2-elf/lib/mhw-mulx\libsmallc.a(lib_a-freer.o)
 .data          0x0402e1a4        0x0 c:/altera/11.0/nios2eds/bin/gnu/h-i686-mingw32/bin/../lib/gcc/nios2-elf/4.1.2/../../../../nios2-elf/lib/mhw-mulx\libsmallc.a(lib_a-fvwrite_small_dev.o)
 .data          0x0402e1a4       0xe0 c:/altera/11.0/nios2eds/bin/gnu/h-i686-mingw32/bin/../lib/gcc/nios2-elf/4.1.2/../../../../nios2-elf/lib/mhw-mulx\libsmallc.a(lib_a-impure.o)
 .data          0x0402e284        0x0 c:/altera/11.0/nios2eds/bin/gnu/h-i686-mingw32/bin/../lib/gcc/nios2-elf/4.1.2/../../../../nios2-elf/lib/mhw-mulx\libsmallc.a(lib_a-int_errno.o)
 .data          0x0402e284        0x0 c:/altera/11.0/nios2eds/bin/gnu/h-i686-mingw32/bin/../lib/gcc/nios2-elf/4.1.2/../../../../nios2-elf/lib/mhw-mulx\libsmallc.a(lib_a-putc.o)
 .data          0x0402e284        0x0 c:/altera/11.0/nios2eds/bin/gnu/h-i686-mingw32/bin/../lib/gcc/nios2-elf/4.1.2/../../../../nios2-elf/lib/mhw-mulx\libsmallc.a(lib_a-writer.o)
 .data          0x0402e284        0x0 ../SSD_EMU_bsp/\libhal_bsp.a(alt_flash_dev.o)
 .data          0x0402e284        0x0 ../SSD_EMU_bsp/\libhal_bsp.a(alt_load.o)
 .data          0x0402e284        0x0 ../SSD_EMU_bsp/\libhal_bsp.a(alt_main.o)
 .data          0x0402e284        0x0 ../SSD_EMU_bsp/\libhal_bsp.a(alt_malloc_lock.o)
 .data          0x0402e284        0x0 ../SSD_EMU_bsp/\libhal_bsp.a(alt_sbrk.o)
 .data          0x0402e284        0x0 ../SSD_EMU_bsp/\libhal_bsp.a(alt_usleep.o)
 .data          0x0402e284        0x0 ../SSD_EMU_bsp/\libhal_bsp.a(alt_write.o)
 .data          0x0402e284     0x1138 ../SSD_EMU_bsp/\libhal_bsp.a(alt_sys_init.o)
 .data          0x0402f3bc        0x0 ../SSD_EMU_bsp/\libhal_bsp.a(altera_avalon_cfi_flash.o)
 .data          0x0402f3bc        0x0 ../SSD_EMU_bsp/\libhal_bsp.a(altera_avalon_cfi_flash_table.o)
 .data          0x0402f3bc        0x0 ../SSD_EMU_bsp/\libhal_bsp.a(altera_avalon_jtag_uart_fd.o)
 .data          0x0402f3bc        0x0 ../SSD_EMU_bsp/\libhal_bsp.a(altera_avalon_jtag_uart_init.o)
 .data          0x0402f3bc        0x0 ../SSD_EMU_bsp/\libhal_bsp.a(altera_avalon_jtag_uart_ioctl.o)
 .data          0x0402f3bc        0x0 ../SSD_EMU_bsp/\libhal_bsp.a(altera_avalon_jtag_uart_read.o)
 .data          0x0402f3bc        0x0 ../SSD_EMU_bsp/\libhal_bsp.a(altera_avalon_jtag_uart_write.o)
 .data          0x0402f3bc        0x0 ../SSD_EMU_bsp/\libhal_bsp.a(altera_avalon_spi.o)
 .data          0x0402f3bc        0x0 ../SSD_EMU_bsp/\libhal_bsp.a(altera_avalon_timer_sc.o)
 .data          0x0402f3bc        0x0 ../SSD_EMU_bsp/\libhal_bsp.a(altera_avalon_timer_ts.o)
 .data          0x0402f3bc        0x0 ../SSD_EMU_bsp/\libhal_bsp.a(altera_avalon_timer_vars.o)
 .data          0x0402f3bc        0x0 ../SSD_EMU_bsp/\libhal_bsp.a(alt_alarm_start.o)
 .data          0x0402f3bc        0x0 ../SSD_EMU_bsp/\libhal_bsp.a(alt_busy_sleep.o)
 .data          0x0402f3bc        0x0 ../SSD_EMU_bsp/\libhal_bsp.a(alt_close.o)
 .data          0x0402f3bc        0x0 ../SSD_EMU_bsp/\libhal_bsp.a(alt_dcache_flush.o)
 .data          0x0402f3bc        0x0 ../SSD_EMU_bsp/\libhal_bsp.a(alt_dcache_flush_all.o)
 .data          0x0402f3bc      0x1a8 ../SSD_EMU_bsp/\libhal_bsp.a(alt_dev.o)
                0x0402f3bc                alt_dev_null
                0x0402f3e4                alt_fd_list
 .data          0x0402f564        0x0 ../SSD_EMU_bsp/\libhal_bsp.a(alt_dev_llist_insert.o)
 .data          0x0402f564        0x0 ../SSD_EMU_bsp/\libhal_bsp.a(alt_errno.o)
 .data          0x0402f564        0x0 ../SSD_EMU_bsp/\libhal_bsp.a(alt_find_dev.o)
 .data          0x0402f564        0x0 ../SSD_EMU_bsp/\libhal_bsp.a(alt_icache_flush_all.o)
 .data          0x0402f564        0x0 ../SSD_EMU_bsp/\libhal_bsp.a(alt_iic.o)
 .data          0x0402f564        0x0 ../SSD_EMU_bsp/\libhal_bsp.a(alt_iic_isr_register.o)
 .data          0x0402f564        0x0 ../SSD_EMU_bsp/\libhal_bsp.a(alt_io_redirect.o)
 .data          0x0402f564        0x0 ../SSD_EMU_bsp/\libhal_bsp.a(alt_irq_entry.o)
 .data          0x0402f564        0x0 ../SSD_EMU_bsp/\libhal_bsp.a(alt_irq_handler.o)
 .data          0x0402f564        0x0 ../SSD_EMU_bsp/\libhal_bsp.a(alt_irq_vars.o)
 .data          0x0402f564        0x0 ../SSD_EMU_bsp/\libhal_bsp.a(alt_open.o)
 .data          0x0402f564        0x0 ../SSD_EMU_bsp/\libhal_bsp.a(alt_release_fd.o)
 .data          0x0402f564        0x0 ../SSD_EMU_bsp/\libhal_bsp.a(alt_tick.o)
 .data          0x0402f564        0x0 ../SSD_EMU_bsp/\libhal_bsp.a(altera_nios2_qsys_irq.o)
 .data          0x0402f564        0x0 ../SSD_EMU_bsp/\libhal_bsp.a(altera_avalon_cfi_flash_amd.o)
 .data          0x0402f564        0x0 ../SSD_EMU_bsp/\libhal_bsp.a(altera_avalon_cfi_flash_intel.o)
 .data          0x0402f564        0x0 ../SSD_EMU_bsp/\libhal_bsp.a(alt_exception_entry.o)
 .data          0x0402f564        0x0 ../SSD_EMU_bsp/\libhal_bsp.a(alt_find_file.o)
 .data          0x0402f564        0x0 ../SSD_EMU_bsp/\libhal_bsp.a(alt_get_fd.o)
 .data          0x0402f564        0x0 ../SSD_EMU_bsp/\libhal_bsp.a(alt_icache_flush.o)
 .data          0x0402f564        0x0 c:/altera/11.0/nios2eds/bin/gnu/h-i686-mingw32/bin/../lib/gcc/nios2-elf/4.1.2/../../../../nios2-elf/lib/mhw-mulx\libsmallc.a(lib_a-exit.o)
 .data          0x0402f564        0x0 c:/altera/11.0/nios2eds/bin/gnu/h-i686-mingw32/bin/../lib/gcc/nios2-elf/4.1.2/../../../../nios2-elf/lib/mhw-mulx\libsmallc.a(lib_a-memcmp.o)
 .data          0x0402f564        0x0 c:/altera/11.0/nios2eds/bin/gnu/h-i686-mingw32/bin/../lib/gcc/nios2-elf/4.1.2/../../../../nios2-elf/lib/mhw-mulx\libsmallc.a(lib_a-__call_atexit.o)
 .data          0x0402f564        0x0 ../SSD_EMU_bsp/\libhal_bsp.a(alt_exit.o)
                0x04037564                _gp = ABSOLUTE ((. + 0x8000))
                0x04037564                PROVIDE (gp, _gp)
 *(.rwdata .rwdata.*)
 *(.sdata .sdata.* .gnu.linkonce.s.*)
 .sdata         0x0402f564       0x2d obj/main.o
                0x0402f564                b
                0x0402f56c                g
                0x0402f574                r
                0x0402f57c                key2
                0x0402f584                src
                0x0402f58c                len
                0x0402f58d                data
 *fill*         0x0402f591        0x3 00
 .sdata         0x0402f594        0x8 c:/altera/11.0/nios2eds/bin/gnu/h-i686-mingw32/bin/../lib/gcc/nios2-elf/4.1.2/../../../../nios2-elf/lib/mhw-mulx\libsmallc.a(lib_a-mallocr.o)
                0x0402f594                __malloc_trim_threshold
                0x0402f598                __malloc_sbrk_base
 .sdata         0x0402f59c        0x8 c:/altera/11.0/nios2eds/bin/gnu/h-i686-mingw32/bin/../lib/gcc/nios2-elf/4.1.2/../../../../nios2-elf/lib/mhw-mulx\libsmallc.a(lib_a-impure.o)
                0x0402f59c                _impure_ptr
                0x0402f5a0                _global_impure_ptr
 .sdata         0x0402f5a4        0x8 ../SSD_EMU_bsp/\libhal_bsp.a(alt_flash_dev.o)
                0x0402f5a4                alt_flash_dev_list
 .sdata         0x0402f5ac        0x4 ../SSD_EMU_bsp/\libhal_bsp.a(alt_sbrk.o)
 .sdata         0x0402f5b0       0x14 ../SSD_EMU_bsp/\libhal_bsp.a(alt_dev.o)
                0x0402f5b0                alt_fs_list
                0x0402f5b8                alt_dev_list
                0x0402f5c0                alt_max_fd
 .sdata         0x0402f5c4        0x4 ../SSD_EMU_bsp/\libhal_bsp.a(alt_errno.o)
                0x0402f5c4                alt_errno
 .sdata         0x0402f5c8        0x4 ../SSD_EMU_bsp/\libhal_bsp.a(alt_irq_vars.o)
                0x0402f5c8                alt_priority_mask
 .sdata         0x0402f5cc        0x8 ../SSD_EMU_bsp/\libhal_bsp.a(alt_tick.o)
                0x0402f5cc                alt_alarm_list
 *(.sdata2 .sdata2.* .gnu.linkonce.s2.*)
                0x0402f5d4                . = ALIGN (0x4)
                0x0402f5d4                _edata = ABSOLUTE (.)
                0x0402f5d4                PROVIDE (edata, ABSOLUTE (.))
                0x0402f5d4                PROVIDE (__ram_rwdata_end, ABSOLUTE (.))
                0x0402f5d4                PROVIDE (__flash_rwdata_start, LOADADDR (.rwdata))

.bss            0x04030fac      0x668
                0x04030fac                __bss_start = ABSOLUTE (.)
                0x04030fac                PROVIDE (__sbss_start, ABSOLUTE (.))
                0x04030fac                PROVIDE (___sbss_start, ABSOLUTE (.))
 *(.dynsbss)
 *(.sbss .sbss.* .gnu.linkonce.sb.*)
 .sbss          0x04030fac        0x8 obj/main.o
                0x04030fac                dst
 .sbss          0x04030fb4       0xc4 obj/main.o
                0x04030fb4                t_sch_rd_end
                0x04030fb8                t_ci_run_end
                0x04030fbc                t_spi_xmit_end
                0x04030fc0                o1
                0x04030fc4                t_sch_cfg_end
                0x04030fc8                t_fl_open_begin
                0x04030fcc                t_lut_cfg
                0x04030fd0                t_lut_rd
                0x04030fd4                t_fl_open_end
                0x04030fd8                t_fl_rd_kh_end
                0x04030fdc                t_lut_cfg_begin
                0x04030fe0                t_des_run
                0x04030fe4                t_hdr_parse_end
                0x04030fe8                t_fir_run_begin
                0x04030fec                t_mbc_cfg_begin
                0x04030ff0                t_fl_rd_kh
                0x04030ff4                t_spi_xmit_begin
                0x04030ff8                t_hdr_parse_begin
                0x04030ffc                t_init
                0x04031000                t_hdr_parse
                0x04031004                t_mbc_run_end
                0x04031008                t_aes_run_end
                0x0403100c                t_sch_cfg_begin
                0x04031010                t_fir_run
                0x04031014                t_fl_rd_kids_end
                0x04031018                t_lut_rd_begin
                0x0403101c                t_ci_run
                0x04031020                t_des_run_end
                0x04031024                t_fl_rd_kids
                0x04031028                t_fl_rd_kh_begin
                0x0403102c                o0
                0x04031030                t_mbc_cfg_end
                0x04031034                t_lut_rd_end
                0x04031038                t_mbc_run
                0x0403103c                t_ci_run_begin
                0x04031040                t_sch_rd_begin
                0x04031044                t_fl_rd_kids_begin
                0x04031048                t_aes_run_begin
                0x0403104c                t_fir_run_end
                0x04031050                t_lut_cfg_end
                0x04031054                t_mbc_run_begin
                0x04031058                t_fl_open
                0x0403105c                t_spi_xmit
                0x04031060                overhead
                0x04031064                t_sch_cfg
                0x04031068                t_sch_rd
                0x0403106c                t_aes_run
                0x04031070                t_mbc_cfg
                0x04031074                t_des_run_begin
 .sbss          0x04031078        0x4 obj/power_spi.o
                0x04031078                tick
 .sbss          0x0403107c        0xc c:/altera/11.0/nios2eds/bin/gnu/h-i686-mingw32/bin/../lib/gcc/nios2-elf/4.1.2/../../../../nios2-elf/lib/mhw-mulx\libsmallc.a(lib_a-mallocr.o)
                0x0403107c                __malloc_top_pad
                0x04031080                __malloc_max_sbrked_mem
                0x04031084                __malloc_max_total_mem
 .sbss          0x04031088        0x4 c:/altera/11.0/nios2eds/bin/gnu/h-i686-mingw32/bin/../lib/gcc/nios2-elf/4.1.2/../../../../nios2-elf/lib/mhw-mulx\libsmallc.a(lib_a-int_errno.o)
                0x04031088                errno
 .sbss          0x0403108c        0xc ../SSD_EMU_bsp/\libhal_bsp.a(alt_main.o)
                0x0403108c                alt_argc
                0x04031090                alt_argv
                0x04031094                alt_envp
 .sbss          0x04031098        0x8 ../SSD_EMU_bsp/\libhal_bsp.a(altera_avalon_timer_vars.o)
                0x04031098                altera_avalon_timer_ts_base
                0x0403109c                altera_avalon_timer_ts_freq
 .sbss          0x040310a0        0x4 ../SSD_EMU_bsp/\libhal_bsp.a(alt_irq_vars.o)
                0x040310a0                alt_irq_active
 .sbss          0x040310a4        0x8 ../SSD_EMU_bsp/\libhal_bsp.a(alt_tick.o)
                0x040310a4                _alt_tick_rate
                0x040310a8                _alt_nticks
 *(.sbss2 .sbss2.* .gnu.linkonce.sb2.*)
 *(.scommon)
                0x040310ac                PROVIDE (__sbss_end, ABSOLUTE (.))
                0x040310ac                PROVIDE (___sbss_end, ABSOLUTE (.))
 *(.dynbss)
 *(.bss .bss.* .gnu.linkonce.b.*)
 .bss           0x040310ac        0x0 ../SSD_EMU_bsp//obj/HAL/src/crt0.o
 .bss           0x040310ac        0x0 obj/DES.o
 .bss           0x040310ac        0x0 obj/aes.o
 .bss           0x040310ac        0x0 obj/cpu_energy_test.o
 .bss           0x040310ac       0x10 obj/main.o
                0x040310ac                sum0
 .bss           0x040310bc        0x0 obj/power_spi.o
 .bss           0x040310bc        0x0 c:/altera/11.0/nios2eds/bin/gnu/h-i686-mingw32/bin/../lib/gcc/nios2-elf/4.1.2/mhw-mulx\libgcc.a(_mul_sf.o)
 .bss           0x040310bc        0x0 c:/altera/11.0/nios2eds/bin/gnu/h-i686-mingw32/bin/../lib/gcc/nios2-elf/4.1.2/mhw-mulx\libgcc.a(_div_sf.o)
 .bss           0x040310bc        0x0 c:/altera/11.0/nios2eds/bin/gnu/h-i686-mingw32/bin/../lib/gcc/nios2-elf/4.1.2/mhw-mulx\libgcc.a(_sf_to_si.o)
 .bss           0x040310bc        0x0 c:/altera/11.0/nios2eds/bin/gnu/h-i686-mingw32/bin/../lib/gcc/nios2-elf/4.1.2/mhw-mulx\libgcc.a(_sf_to_df.o)
 .bss           0x040310bc        0x0 c:/altera/11.0/nios2eds/bin/gnu/h-i686-mingw32/bin/../lib/gcc/nios2-elf/4.1.2/mhw-mulx\libgcc.a(_thenan_sf.o)
 .bss           0x040310bc        0x0 c:/altera/11.0/nios2eds/bin/gnu/h-i686-mingw32/bin/../lib/gcc/nios2-elf/4.1.2/mhw-mulx\libgcc.a(_usi_to_sf.o)
 .bss           0x040310bc        0x0 c:/altera/11.0/nios2eds/bin/gnu/h-i686-mingw32/bin/../lib/gcc/nios2-elf/4.1.2/mhw-mulx\libgcc.a(_make_df.o)
 .bss           0x040310bc        0x0 c:/altera/11.0/nios2eds/bin/gnu/h-i686-mingw32/bin/../lib/gcc/nios2-elf/4.1.2/mhw-mulx\libgcc.a(lib2-divmod.o)
 .bss           0x040310bc        0x0 c:/altera/11.0/nios2eds/bin/gnu/h-i686-mingw32/bin/../lib/gcc/nios2-elf/4.1.2/mhw-mulx\libgcc.a(lib2-divtable.o)
 .bss           0x040310bc        0x0 c:/altera/11.0/nios2eds/bin/gnu/h-i686-mingw32/bin/../lib/gcc/nios2-elf/4.1.2/mhw-mulx\libgcc.a(_clzsi2.o)
 .bss           0x040310bc        0x0 c:/altera/11.0/nios2eds/bin/gnu/h-i686-mingw32/bin/../lib/gcc/nios2-elf/4.1.2/mhw-mulx\libgcc.a(_pack_sf.o)
 .bss           0x040310bc        0x0 c:/altera/11.0/nios2eds/bin/gnu/h-i686-mingw32/bin/../lib/gcc/nios2-elf/4.1.2/mhw-mulx\libgcc.a(_unpack_sf.o)
 .bss           0x040310bc        0x0 c:/altera/11.0/nios2eds/bin/gnu/h-i686-mingw32/bin/../lib/gcc/nios2-elf/4.1.2/mhw-mulx\libgcc.a(_pack_df.o)
 .bss           0x040310bc        0x0 c:/altera/11.0/nios2eds/bin/gnu/h-i686-mingw32/bin/../lib/gcc/nios2-elf/4.1.2/mhw-mulx\libgcc.a(_clz.o)
 .bss           0x040310bc        0x0 c:/altera/11.0/nios2eds/bin/gnu/h-i686-mingw32/bin/../lib/gcc/nios2-elf/4.1.2/../../../../nios2-elf/lib/mhw-mulx\libsmallc.a(lib_a-malloc.o)
 .bss           0x040310bc       0x28 c:/altera/11.0/nios2eds/bin/gnu/h-i686-mingw32/bin/../lib/gcc/nios2-elf/4.1.2/../../../../nios2-elf/lib/mhw-mulx\libsmallc.a(lib_a-mallocr.o)
                0x040310bc                __malloc_current_mallinfo
 .bss           0x040310e4        0x0 c:/altera/11.0/nios2eds/bin/gnu/h-i686-mingw32/bin/../lib/gcc/nios2-elf/4.1.2/../../../../nios2-elf/lib/mhw-mulx\libsmallc.a(lib_a-memcpy.o)
 .bss           0x040310e4        0x0 c:/altera/11.0/nios2eds/bin/gnu/h-i686-mingw32/bin/../lib/gcc/nios2-elf/4.1.2/../../../../nios2-elf/lib/mhw-mulx\libsmallc.a(lib_a-memset.o)
 .bss           0x040310e4        0x0 c:/altera/11.0/nios2eds/bin/gnu/h-i686-mingw32/bin/../lib/gcc/nios2-elf/4.1.2/../../../../nios2-elf/lib/mhw-mulx\libsmallc.a(lib_a-printf.o)
 .bss           0x040310e4        0x0 c:/altera/11.0/nios2eds/bin/gnu/h-i686-mingw32/bin/../lib/gcc/nios2-elf/4.1.2/../../../../nios2-elf/lib/mhw-mulx\libsmallc.a(lib_a-putchar.o)
 .bss           0x040310e4        0x0 c:/altera/11.0/nios2eds/bin/gnu/h-i686-mingw32/bin/../lib/gcc/nios2-elf/4.1.2/../../../../nios2-elf/lib/mhw-mulx\libsmallc.a(lib_a-puts.o)
 .bss           0x040310e4        0x0 c:/altera/11.0/nios2eds/bin/gnu/h-i686-mingw32/bin/../lib/gcc/nios2-elf/4.1.2/../../../../nios2-elf/lib/mhw-mulx\libsmallc.a(lib_a-sbrkr.o)
 .bss           0x040310e4        0x0 c:/altera/11.0/nios2eds/bin/gnu/h-i686-mingw32/bin/../lib/gcc/nios2-elf/4.1.2/../../../../nios2-elf/lib/mhw-mulx\libsmallc.a(lib_a-strlen.o)
 .bss           0x040310e4        0x0 c:/altera/11.0/nios2eds/bin/gnu/h-i686-mingw32/bin/../lib/gcc/nios2-elf/4.1.2/../../../../nios2-elf/lib/mhw-mulx\libsmallc.a(lib_a-vfprintf.o)
 .bss           0x040310e4        0x0 c:/altera/11.0/nios2eds/bin/gnu/h-i686-mingw32/bin/../lib/gcc/nios2-elf/4.1.2/../../../../nios2-elf/lib/mhw-mulx\libsmallc.a(lib_a-freer.o)
 .bss           0x040310e4        0x0 c:/altera/11.0/nios2eds/bin/gnu/h-i686-mingw32/bin/../lib/gcc/nios2-elf/4.1.2/../../../../nios2-elf/lib/mhw-mulx\libsmallc.a(lib_a-fvwrite_small_dev.o)
 .bss           0x040310e4        0x0 c:/altera/11.0/nios2eds/bin/gnu/h-i686-mingw32/bin/../lib/gcc/nios2-elf/4.1.2/../../../../nios2-elf/lib/mhw-mulx\libsmallc.a(lib_a-impure.o)
 .bss           0x040310e4        0x0 c:/altera/11.0/nios2eds/bin/gnu/h-i686-mingw32/bin/../lib/gcc/nios2-elf/4.1.2/../../../../nios2-elf/lib/mhw-mulx\libsmallc.a(lib_a-int_errno.o)
 .bss           0x040310e4        0x0 c:/altera/11.0/nios2eds/bin/gnu/h-i686-mingw32/bin/../lib/gcc/nios2-elf/4.1.2/../../../../nios2-elf/lib/mhw-mulx\libsmallc.a(lib_a-putc.o)
 .bss           0x040310e4        0x0 c:/altera/11.0/nios2eds/bin/gnu/h-i686-mingw32/bin/../lib/gcc/nios2-elf/4.1.2/../../../../nios2-elf/lib/mhw-mulx\libsmallc.a(lib_a-writer.o)
 .bss           0x040310e4        0x0 ../SSD_EMU_bsp/\libhal_bsp.a(alt_flash_dev.o)
 .bss           0x040310e4        0x0 ../SSD_EMU_bsp/\libhal_bsp.a(alt_load.o)
 .bss           0x040310e4        0x0 ../SSD_EMU_bsp/\libhal_bsp.a(alt_main.o)
 .bss           0x040310e4        0x0 ../SSD_EMU_bsp/\libhal_bsp.a(alt_malloc_lock.o)
 .bss           0x040310e4        0x0 ../SSD_EMU_bsp/\libhal_bsp.a(alt_sbrk.o)
 .bss           0x040310e4        0x0 ../SSD_EMU_bsp/\libhal_bsp.a(alt_usleep.o)
 .bss           0x040310e4        0x0 ../SSD_EMU_bsp/\libhal_bsp.a(alt_write.o)
 .bss           0x040310e4        0x0 ../SSD_EMU_bsp/\libhal_bsp.a(alt_sys_init.o)
 .bss           0x040310e4        0x0 ../SSD_EMU_bsp/\libhal_bsp.a(altera_avalon_cfi_flash.o)
 .bss           0x040310e4        0x0 ../SSD_EMU_bsp/\libhal_bsp.a(altera_avalon_cfi_flash_table.o)
 .bss           0x040310e4        0x0 ../SSD_EMU_bsp/\libhal_bsp.a(altera_avalon_jtag_uart_fd.o)
 .bss           0x040310e4        0x0 ../SSD_EMU_bsp/\libhal_bsp.a(altera_avalon_jtag_uart_init.o)
 .bss           0x040310e4        0x0 ../SSD_EMU_bsp/\libhal_bsp.a(altera_avalon_jtag_uart_ioctl.o)
 .bss           0x040310e4        0x0 ../SSD_EMU_bsp/\libhal_bsp.a(altera_avalon_jtag_uart_read.o)
 .bss           0x040310e4        0x0 ../SSD_EMU_bsp/\libhal_bsp.a(altera_avalon_jtag_uart_write.o)
 .bss           0x040310e4        0x0 ../SSD_EMU_bsp/\libhal_bsp.a(altera_avalon_spi.o)
 .bss           0x040310e4        0x0 ../SSD_EMU_bsp/\libhal_bsp.a(altera_avalon_timer_sc.o)
 .bss           0x040310e4        0x0 ../SSD_EMU_bsp/\libhal_bsp.a(altera_avalon_timer_ts.o)
 .bss           0x040310e4        0x0 ../SSD_EMU_bsp/\libhal_bsp.a(altera_avalon_timer_vars.o)
 .bss           0x040310e4        0x0 ../SSD_EMU_bsp/\libhal_bsp.a(alt_alarm_start.o)
 .bss           0x040310e4        0x0 ../SSD_EMU_bsp/\libhal_bsp.a(alt_busy_sleep.o)
 .bss           0x040310e4        0x0 ../SSD_EMU_bsp/\libhal_bsp.a(alt_close.o)
 .bss           0x040310e4        0x0 ../SSD_EMU_bsp/\libhal_bsp.a(alt_dcache_flush.o)
 .bss           0x040310e4        0x0 ../SSD_EMU_bsp/\libhal_bsp.a(alt_dcache_flush_all.o)
 .bss           0x040310e4        0x0 ../SSD_EMU_bsp/\libhal_bsp.a(alt_dev.o)
 .bss           0x040310e4        0x0 ../SSD_EMU_bsp/\libhal_bsp.a(alt_dev_llist_insert.o)
 .bss           0x040310e4        0x0 ../SSD_EMU_bsp/\libhal_bsp.a(alt_errno.o)
 .bss           0x040310e4        0x0 ../SSD_EMU_bsp/\libhal_bsp.a(alt_find_dev.o)
 .bss           0x040310e4        0x0 ../SSD_EMU_bsp/\libhal_bsp.a(alt_icache_flush_all.o)
 .bss           0x040310e4        0x0 ../SSD_EMU_bsp/\libhal_bsp.a(alt_iic.o)
 .bss           0x040310e4        0x0 ../SSD_EMU_bsp/\libhal_bsp.a(alt_iic_isr_register.o)
 .bss           0x040310e4        0x0 ../SSD_EMU_bsp/\libhal_bsp.a(alt_io_redirect.o)
 .bss           0x040310e4        0x0 ../SSD_EMU_bsp/\libhal_bsp.a(alt_irq_entry.o)
 .bss           0x040310e4        0x0 ../SSD_EMU_bsp/\libhal_bsp.a(alt_irq_handler.o)
 .bss           0x040310e4        0x0 ../SSD_EMU_bsp/\libhal_bsp.a(alt_irq_vars.o)
 .bss           0x040310e4        0x0 ../SSD_EMU_bsp/\libhal_bsp.a(alt_open.o)
 .bss           0x040310e4        0x0 ../SSD_EMU_bsp/\libhal_bsp.a(alt_release_fd.o)
 .bss           0x040310e4        0x0 ../SSD_EMU_bsp/\libhal_bsp.a(alt_tick.o)
 .bss           0x040310e4        0x0 ../SSD_EMU_bsp/\libhal_bsp.a(altera_nios2_qsys_irq.o)
 .bss           0x040310e4        0x0 ../SSD_EMU_bsp/\libhal_bsp.a(altera_avalon_cfi_flash_amd.o)
 .bss           0x040310e4        0x0 ../SSD_EMU_bsp/\libhal_bsp.a(altera_avalon_cfi_flash_intel.o)
 .bss           0x040310e4        0x0 ../SSD_EMU_bsp/\libhal_bsp.a(alt_exception_entry.o)
 .bss           0x040310e4        0x0 ../SSD_EMU_bsp/\libhal_bsp.a(alt_find_file.o)
 .bss           0x040310e4        0x0 ../SSD_EMU_bsp/\libhal_bsp.a(alt_get_fd.o)
 .bss           0x040310e4        0x0 ../SSD_EMU_bsp/\libhal_bsp.a(alt_icache_flush.o)
 .bss           0x040310e4        0x0 c:/altera/11.0/nios2eds/bin/gnu/h-i686-mingw32/bin/../lib/gcc/nios2-elf/4.1.2/../../../../nios2-elf/lib/mhw-mulx\libsmallc.a(lib_a-exit.o)
 .bss           0x040310e4        0x0 c:/altera/11.0/nios2eds/bin/gnu/h-i686-mingw32/bin/../lib/gcc/nios2-elf/4.1.2/../../../../nios2-elf/lib/mhw-mulx\libsmallc.a(lib_a-memcmp.o)
 .bss           0x040310e4        0x0 c:/altera/11.0/nios2eds/bin/gnu/h-i686-mingw32/bin/../lib/gcc/nios2-elf/4.1.2/../../../../nios2-elf/lib/mhw-mulx\libsmallc.a(lib_a-__call_atexit.o)
 .bss           0x040310e4        0x0 ../SSD_EMU_bsp/\libhal_bsp.a(alt_exit.o)
 *(COMMON)
 COMMON         0x040310e4      0x400 obj/aes.o
                0x040310e4                g_aes_ilogt
                0x040311e4                g_aes_isbox
                0x040312e4                g_aes_sbox
                0x040313e4                g_aes_logt
 COMMON         0x040314e4       0x30 obj/main.o
                0x040314e4                mbc_header
                0x040314f4                ctext
                0x04031504                decptext
 COMMON         0x04031514      0x100 ../SSD_EMU_bsp/\libhal_bsp.a(alt_irq_handler.o)
                0x04031514                alt_irq
                0x04031614                . = ALIGN (0x4)
                0x04031614                __bss_end = ABSOLUTE (.)

.cfi_flash_0    0x00000000        0x0 load address 0x04031614
                0x00000000                PROVIDE (_alt_partition_cfi_flash_0_start, ABSOLUTE (.))
 *(.cfi_flash_0. cfi_flash_0.*)
                0x00000000                . = ALIGN (0x4)
                0x00000000                PROVIDE (_alt_partition_cfi_flash_0_end, ABSOLUTE (.))
                0x04031614                PROVIDE (_alt_partition_cfi_flash_0_load_addr, LOADADDR (.cfi_flash_0))

.onchip_memory2_0
                0x04031614        0x0
                0x04031614                PROVIDE (_alt_partition_onchip_memory2_0_start, ABSOLUTE (.))
 *(.onchip_memory2_0. onchip_memory2_0.*)
                0x04031614                . = ALIGN (0x4)
                0x04031614                PROVIDE (_alt_partition_onchip_memory2_0_end, ABSOLUTE (.))
                0x04031614                _end = ABSOLUTE (.)
                0x04031614                end = ABSOLUTE (.)
                0x04031614                __alt_stack_base = ABSOLUTE (.)
                0x04031614                PROVIDE (_alt_partition_onchip_memory2_0_load_addr, LOADADDR (.onchip_memory2_0))

.stab
 *(.stab)

.stabstr
 *(.stabstr)

.stab.excl
 *(.stab.excl)

.stab.exclstr
 *(.stab.exclstr)

.stab.index
 *(.stab.index)

.stab.indexstr
 *(.stab.indexstr)

.comment        0x00000000       0x23
 *(.comment)
 .comment       0x00000000       0x23 obj/DES.o
                                 0x24 (size before relaxing)
 .comment       0x00000000       0x24 obj/aes.o
 .comment       0x00000000       0x24 obj/cpu_energy_test.o
 .comment       0x00000000       0x24 obj/main.o
 .comment       0x00000000       0x24 obj/power_spi.o
 .comment       0x00000000       0x24 c:/altera/11.0/nios2eds/bin/gnu/h-i686-mingw32/bin/../lib/gcc/nios2-elf/4.1.2/mhw-mulx\libgcc.a(_mul_sf.o)
 .comment       0x00000000       0x24 c:/altera/11.0/nios2eds/bin/gnu/h-i686-mingw32/bin/../lib/gcc/nios2-elf/4.1.2/mhw-mulx\libgcc.a(_div_sf.o)
 .comment       0x00000000       0x24 c:/altera/11.0/nios2eds/bin/gnu/h-i686-mingw32/bin/../lib/gcc/nios2-elf/4.1.2/mhw-mulx\libgcc.a(_sf_to_si.o)
 .comment       0x00000000       0x24 c:/altera/11.0/nios2eds/bin/gnu/h-i686-mingw32/bin/../lib/gcc/nios2-elf/4.1.2/mhw-mulx\libgcc.a(_sf_to_df.o)
 .comment       0x00000000       0x24 c:/altera/11.0/nios2eds/bin/gnu/h-i686-mingw32/bin/../lib/gcc/nios2-elf/4.1.2/mhw-mulx\libgcc.a(_thenan_sf.o)
 .comment       0x00000000       0x24 c:/altera/11.0/nios2eds/bin/gnu/h-i686-mingw32/bin/../lib/gcc/nios2-elf/4.1.2/mhw-mulx\libgcc.a(_usi_to_sf.o)
 .comment       0x00000000       0x24 c:/altera/11.0/nios2eds/bin/gnu/h-i686-mingw32/bin/../lib/gcc/nios2-elf/4.1.2/mhw-mulx\libgcc.a(_make_df.o)
 .comment       0x00000000       0x24 c:/altera/11.0/nios2eds/bin/gnu/h-i686-mingw32/bin/../lib/gcc/nios2-elf/4.1.2/mhw-mulx\libgcc.a(lib2-divmod.o)
 .comment       0x00000000       0x24 c:/altera/11.0/nios2eds/bin/gnu/h-i686-mingw32/bin/../lib/gcc/nios2-elf/4.1.2/mhw-mulx\libgcc.a(lib2-divtable.o)
 .comment       0x00000000       0x24 c:/altera/11.0/nios2eds/bin/gnu/h-i686-mingw32/bin/../lib/gcc/nios2-elf/4.1.2/mhw-mulx\libgcc.a(_clzsi2.o)
 .comment       0x00000000       0x24 c:/altera/11.0/nios2eds/bin/gnu/h-i686-mingw32/bin/../lib/gcc/nios2-elf/4.1.2/mhw-mulx\libgcc.a(_pack_sf.o)
 .comment       0x00000000       0x24 c:/altera/11.0/nios2eds/bin/gnu/h-i686-mingw32/bin/../lib/gcc/nios2-elf/4.1.2/mhw-mulx\libgcc.a(_unpack_sf.o)
 .comment       0x00000000       0x24 c:/altera/11.0/nios2eds/bin/gnu/h-i686-mingw32/bin/../lib/gcc/nios2-elf/4.1.2/mhw-mulx\libgcc.a(_pack_df.o)
 .comment       0x00000000       0x24 c:/altera/11.0/nios2eds/bin/gnu/h-i686-mingw32/bin/../lib/gcc/nios2-elf/4.1.2/mhw-mulx\libgcc.a(_clz.o)
 .comment       0x00000000       0x24 c:/altera/11.0/nios2eds/bin/gnu/h-i686-mingw32/bin/../lib/gcc/nios2-elf/4.1.2/../../../../nios2-elf/lib/mhw-mulx\libsmallc.a(lib_a-malloc.o)
 .comment       0x00000000       0x24 c:/altera/11.0/nios2eds/bin/gnu/h-i686-mingw32/bin/../lib/gcc/nios2-elf/4.1.2/../../../../nios2-elf/lib/mhw-mulx\libsmallc.a(lib_a-mallocr.o)
 .comment       0x00000000       0x24 c:/altera/11.0/nios2eds/bin/gnu/h-i686-mingw32/bin/../lib/gcc/nios2-elf/4.1.2/../../../../nios2-elf/lib/mhw-mulx\libsmallc.a(lib_a-memcpy.o)
 .comment       0x00000000       0x24 c:/altera/11.0/nios2eds/bin/gnu/h-i686-mingw32/bin/../lib/gcc/nios2-elf/4.1.2/../../../../nios2-elf/lib/mhw-mulx\libsmallc.a(lib_a-memset.o)
 .comment       0x00000000       0x24 c:/altera/11.0/nios2eds/bin/gnu/h-i686-mingw32/bin/../lib/gcc/nios2-elf/4.1.2/../../../../nios2-elf/lib/mhw-mulx\libsmallc.a(lib_a-printf.o)
 .comment       0x00000000       0x24 c:/altera/11.0/nios2eds/bin/gnu/h-i686-mingw32/bin/../lib/gcc/nios2-elf/4.1.2/../../../../nios2-elf/lib/mhw-mulx\libsmallc.a(lib_a-putchar.o)
 .comment       0x00000000       0x24 c:/altera/11.0/nios2eds/bin/gnu/h-i686-mingw32/bin/../lib/gcc/nios2-elf/4.1.2/../../../../nios2-elf/lib/mhw-mulx\libsmallc.a(lib_a-puts.o)
 .comment       0x00000000       0x24 c:/altera/11.0/nios2eds/bin/gnu/h-i686-mingw32/bin/../lib/gcc/nios2-elf/4.1.2/../../../../nios2-elf/lib/mhw-mulx\libsmallc.a(lib_a-sbrkr.o)
 .comment       0x00000000       0x24 c:/altera/11.0/nios2eds/bin/gnu/h-i686-mingw32/bin/../lib/gcc/nios2-elf/4.1.2/../../../../nios2-elf/lib/mhw-mulx\libsmallc.a(lib_a-strlen.o)
 .comment       0x00000000       0x24 c:/altera/11.0/nios2eds/bin/gnu/h-i686-mingw32/bin/../lib/gcc/nios2-elf/4.1.2/../../../../nios2-elf/lib/mhw-mulx\libsmallc.a(lib_a-vfprintf.o)
 .comment       0x00000000       0x24 c:/altera/11.0/nios2eds/bin/gnu/h-i686-mingw32/bin/../lib/gcc/nios2-elf/4.1.2/../../../../nios2-elf/lib/mhw-mulx\libsmallc.a(lib_a-freer.o)
 .comment       0x00000000       0x24 c:/altera/11.0/nios2eds/bin/gnu/h-i686-mingw32/bin/../lib/gcc/nios2-elf/4.1.2/../../../../nios2-elf/lib/mhw-mulx\libsmallc.a(lib_a-fvwrite_small_dev.o)
 .comment       0x00000000       0x24 c:/altera/11.0/nios2eds/bin/gnu/h-i686-mingw32/bin/../lib/gcc/nios2-elf/4.1.2/../../../../nios2-elf/lib/mhw-mulx\libsmallc.a(lib_a-impure.o)
 .comment       0x00000000       0x24 c:/altera/11.0/nios2eds/bin/gnu/h-i686-mingw32/bin/../lib/gcc/nios2-elf/4.1.2/../../../../nios2-elf/lib/mhw-mulx\libsmallc.a(lib_a-int_errno.o)
 .comment       0x00000000       0x24 c:/altera/11.0/nios2eds/bin/gnu/h-i686-mingw32/bin/../lib/gcc/nios2-elf/4.1.2/../../../../nios2-elf/lib/mhw-mulx\libsmallc.a(lib_a-putc.o)
 .comment       0x00000000       0x24 c:/altera/11.0/nios2eds/bin/gnu/h-i686-mingw32/bin/../lib/gcc/nios2-elf/4.1.2/../../../../nios2-elf/lib/mhw-mulx\libsmallc.a(lib_a-writer.o)
 .comment       0x00000000       0x24 ../SSD_EMU_bsp/\libhal_bsp.a(alt_flash_dev.o)
 .comment       0x00000000       0x24 ../SSD_EMU_bsp/\libhal_bsp.a(alt_load.o)
 .comment       0x00000000       0x24 ../SSD_EMU_bsp/\libhal_bsp.a(alt_main.o)
 .comment       0x00000000       0x24 ../SSD_EMU_bsp/\libhal_bsp.a(alt_malloc_lock.o)
 .comment       0x00000000       0x24 ../SSD_EMU_bsp/\libhal_bsp.a(alt_sbrk.o)
 .comment       0x00000000       0x24 ../SSD_EMU_bsp/\libhal_bsp.a(alt_usleep.o)
 .comment       0x00000000       0x24 ../SSD_EMU_bsp/\libhal_bsp.a(alt_write.o)
 .comment       0x00000000       0x24 ../SSD_EMU_bsp/\libhal_bsp.a(alt_sys_init.o)
 .comment       0x00000000       0x24 ../SSD_EMU_bsp/\libhal_bsp.a(altera_avalon_cfi_flash.o)
 .comment       0x00000000       0x24 ../SSD_EMU_bsp/\libhal_bsp.a(altera_avalon_cfi_flash_table.o)
 .comment       0x00000000       0x24 ../SSD_EMU_bsp/\libhal_bsp.a(altera_avalon_jtag_uart_fd.o)
 .comment       0x00000000       0x24 ../SSD_EMU_bsp/\libhal_bsp.a(altera_avalon_jtag_uart_init.o)
 .comment       0x00000000       0x24 ../SSD_EMU_bsp/\libhal_bsp.a(altera_avalon_jtag_uart_ioctl.o)
 .comment       0x00000000       0x24 ../SSD_EMU_bsp/\libhal_bsp.a(altera_avalon_jtag_uart_read.o)
 .comment       0x00000000       0x24 ../SSD_EMU_bsp/\libhal_bsp.a(altera_avalon_jtag_uart_write.o)
 .comment       0x00000000       0x24 ../SSD_EMU_bsp/\libhal_bsp.a(altera_avalon_spi.o)
 .comment       0x00000000       0x24 ../SSD_EMU_bsp/\libhal_bsp.a(altera_avalon_timer_sc.o)
 .comment       0x00000000       0x24 ../SSD_EMU_bsp/\libhal_bsp.a(altera_avalon_timer_ts.o)
 .comment       0x00000000       0x24 ../SSD_EMU_bsp/\libhal_bsp.a(altera_avalon_timer_vars.o)
 .comment       0x00000000       0x24 ../SSD_EMU_bsp/\libhal_bsp.a(alt_alarm_start.o)
 .comment       0x00000000       0x24 ../SSD_EMU_bsp/\libhal_bsp.a(alt_busy_sleep.o)
 .comment       0x00000000       0x24 ../SSD_EMU_bsp/\libhal_bsp.a(alt_close.o)
 .comment       0x00000000       0x24 ../SSD_EMU_bsp/\libhal_bsp.a(alt_dcache_flush.o)
 .comment       0x00000000       0x24 ../SSD_EMU_bsp/\libhal_bsp.a(alt_dcache_flush_all.o)
 .comment       0x00000000       0x24 ../SSD_EMU_bsp/\libhal_bsp.a(alt_dev.o)
 .comment       0x00000000       0x24 ../SSD_EMU_bsp/\libhal_bsp.a(alt_dev_llist_insert.o)
 .comment       0x00000000       0x24 ../SSD_EMU_bsp/\libhal_bsp.a(alt_errno.o)
 .comment       0x00000000       0x24 ../SSD_EMU_bsp/\libhal_bsp.a(alt_find_dev.o)
 .comment       0x00000000       0x24 ../SSD_EMU_bsp/\libhal_bsp.a(alt_icache_flush_all.o)
 .comment       0x00000000       0x24 ../SSD_EMU_bsp/\libhal_bsp.a(alt_iic.o)
 .comment       0x00000000       0x24 ../SSD_EMU_bsp/\libhal_bsp.a(alt_iic_isr_register.o)
 .comment       0x00000000       0x24 ../SSD_EMU_bsp/\libhal_bsp.a(alt_io_redirect.o)
 .comment       0x00000000       0x24 ../SSD_EMU_bsp/\libhal_bsp.a(alt_irq_handler.o)
 .comment       0x00000000       0x24 ../SSD_EMU_bsp/\libhal_bsp.a(alt_irq_vars.o)
 .comment       0x00000000       0x24 ../SSD_EMU_bsp/\libhal_bsp.a(alt_open.o)
 .comment       0x00000000       0x24 ../SSD_EMU_bsp/\libhal_bsp.a(alt_release_fd.o)
 .comment       0x00000000       0x24 ../SSD_EMU_bsp/\libhal_bsp.a(alt_tick.o)
 .comment       0x00000000       0x24 ../SSD_EMU_bsp/\libhal_bsp.a(altera_nios2_qsys_irq.o)
 .comment       0x00000000       0x24 ../SSD_EMU_bsp/\libhal_bsp.a(altera_avalon_cfi_flash_amd.o)
 .comment       0x00000000       0x24 ../SSD_EMU_bsp/\libhal_bsp.a(altera_avalon_cfi_flash_intel.o)
 .comment       0x00000000       0x24 ../SSD_EMU_bsp/\libhal_bsp.a(alt_find_file.o)
 .comment       0x00000000       0x24 ../SSD_EMU_bsp/\libhal_bsp.a(alt_get_fd.o)
 .comment       0x00000000       0x24 ../SSD_EMU_bsp/\libhal_bsp.a(alt_icache_flush.o)
 .comment       0x00000000       0x24 c:/altera/11.0/nios2eds/bin/gnu/h-i686-mingw32/bin/../lib/gcc/nios2-elf/4.1.2/../../../../nios2-elf/lib/mhw-mulx\libsmallc.a(lib_a-exit.o)
 .comment       0x00000000       0x24 c:/altera/11.0/nios2eds/bin/gnu/h-i686-mingw32/bin/../lib/gcc/nios2-elf/4.1.2/../../../../nios2-elf/lib/mhw-mulx\libsmallc.a(lib_a-memcmp.o)
 .comment       0x00000000       0x24 c:/altera/11.0/nios2eds/bin/gnu/h-i686-mingw32/bin/../lib/gcc/nios2-elf/4.1.2/../../../../nios2-elf/lib/mhw-mulx\libsmallc.a(lib_a-__call_atexit.o)
 .comment       0x00000000       0x24 ../SSD_EMU_bsp/\libhal_bsp.a(alt_exit.o)

.debug
 *(.debug)

.line
 *(.line)

.debug_srcinfo
 *(.debug_srcinfo)

.debug_sfnames
 *(.debug_sfnames)

.debug_aranges  0x00000000      0x9b8
 *(.debug_aranges)
 .debug_aranges
                0x00000000       0x28 ../SSD_EMU_bsp//obj/HAL/src/crt0.o
 .debug_aranges
                0x00000028       0x20 obj/DES.o
 .debug_aranges
                0x00000048       0x20 obj/aes.o
 .debug_aranges
                0x00000068       0x20 obj/main.o
 .debug_aranges
                0x00000088       0x20 obj/power_spi.o
 .debug_aranges
                0x000000a8       0x20 c:/altera/11.0/nios2eds/bin/gnu/h-i686-mingw32/bin/../lib/gcc/nios2-elf/4.1.2/mhw-mulx\libgcc.a(_mul_sf.o)
 .debug_aranges
                0x000000c8       0x20 c:/altera/11.0/nios2eds/bin/gnu/h-i686-mingw32/bin/../lib/gcc/nios2-elf/4.1.2/mhw-mulx\libgcc.a(_div_sf.o)
 .debug_aranges
                0x000000e8       0x20 c:/altera/11.0/nios2eds/bin/gnu/h-i686-mingw32/bin/../lib/gcc/nios2-elf/4.1.2/mhw-mulx\libgcc.a(_sf_to_si.o)
 .debug_aranges
                0x00000108       0x20 c:/altera/11.0/nios2eds/bin/gnu/h-i686-mingw32/bin/../lib/gcc/nios2-elf/4.1.2/mhw-mulx\libgcc.a(_sf_to_df.o)
 .debug_aranges
                0x00000128       0x20 c:/altera/11.0/nios2eds/bin/gnu/h-i686-mingw32/bin/../lib/gcc/nios2-elf/4.1.2/mhw-mulx\libgcc.a(_usi_to_sf.o)
 .debug_aranges
                0x00000148       0x20 c:/altera/11.0/nios2eds/bin/gnu/h-i686-mingw32/bin/../lib/gcc/nios2-elf/4.1.2/mhw-mulx\libgcc.a(_make_df.o)
 .debug_aranges
                0x00000168       0x20 c:/altera/11.0/nios2eds/bin/gnu/h-i686-mingw32/bin/../lib/gcc/nios2-elf/4.1.2/mhw-mulx\libgcc.a(lib2-divmod.o)
 .debug_aranges
                0x00000188       0x20 c:/altera/11.0/nios2eds/bin/gnu/h-i686-mingw32/bin/../lib/gcc/nios2-elf/4.1.2/mhw-mulx\libgcc.a(_clzsi2.o)
 .debug_aranges
                0x000001a8       0x20 c:/altera/11.0/nios2eds/bin/gnu/h-i686-mingw32/bin/../lib/gcc/nios2-elf/4.1.2/mhw-mulx\libgcc.a(_pack_sf.o)
 .debug_aranges
                0x000001c8       0x20 c:/altera/11.0/nios2eds/bin/gnu/h-i686-mingw32/bin/../lib/gcc/nios2-elf/4.1.2/mhw-mulx\libgcc.a(_unpack_sf.o)
 .debug_aranges
                0x000001e8       0x20 c:/altera/11.0/nios2eds/bin/gnu/h-i686-mingw32/bin/../lib/gcc/nios2-elf/4.1.2/mhw-mulx\libgcc.a(_pack_df.o)
 .debug_aranges
                0x00000208       0x20 c:/altera/11.0/nios2eds/bin/gnu/h-i686-mingw32/bin/../lib/gcc/nios2-elf/4.1.2/../../../../nios2-elf/lib/mhw-mulx\libsmallc.a(lib_a-malloc.o)
 .debug_aranges
                0x00000228       0x20 c:/altera/11.0/nios2eds/bin/gnu/h-i686-mingw32/bin/../lib/gcc/nios2-elf/4.1.2/../../../../nios2-elf/lib/mhw-mulx\libsmallc.a(lib_a-mallocr.o)
 .debug_aranges
                0x00000248       0x20 c:/altera/11.0/nios2eds/bin/gnu/h-i686-mingw32/bin/../lib/gcc/nios2-elf/4.1.2/../../../../nios2-elf/lib/mhw-mulx\libsmallc.a(lib_a-memcpy.o)
 .debug_aranges
                0x00000268       0x20 c:/altera/11.0/nios2eds/bin/gnu/h-i686-mingw32/bin/../lib/gcc/nios2-elf/4.1.2/../../../../nios2-elf/lib/mhw-mulx\libsmallc.a(lib_a-memset.o)
 .debug_aranges
                0x00000288       0x20 c:/altera/11.0/nios2eds/bin/gnu/h-i686-mingw32/bin/../lib/gcc/nios2-elf/4.1.2/../../../../nios2-elf/lib/mhw-mulx\libsmallc.a(lib_a-printf.o)
 .debug_aranges
                0x000002a8       0x20 c:/altera/11.0/nios2eds/bin/gnu/h-i686-mingw32/bin/../lib/gcc/nios2-elf/4.1.2/../../../../nios2-elf/lib/mhw-mulx\libsmallc.a(lib_a-putchar.o)
 .debug_aranges
                0x000002c8       0x20 c:/altera/11.0/nios2eds/bin/gnu/h-i686-mingw32/bin/../lib/gcc/nios2-elf/4.1.2/../../../../nios2-elf/lib/mhw-mulx\libsmallc.a(lib_a-puts.o)
 .debug_aranges
                0x000002e8       0x20 c:/altera/11.0/nios2eds/bin/gnu/h-i686-mingw32/bin/../lib/gcc/nios2-elf/4.1.2/../../../../nios2-elf/lib/mhw-mulx\libsmallc.a(lib_a-sbrkr.o)
 .debug_aranges
                0x00000308       0x20 c:/altera/11.0/nios2eds/bin/gnu/h-i686-mingw32/bin/../lib/gcc/nios2-elf/4.1.2/../../../../nios2-elf/lib/mhw-mulx\libsmallc.a(lib_a-strlen.o)
 .debug_aranges
                0x00000328       0x20 c:/altera/11.0/nios2eds/bin/gnu/h-i686-mingw32/bin/../lib/gcc/nios2-elf/4.1.2/../../../../nios2-elf/lib/mhw-mulx\libsmallc.a(lib_a-vfprintf.o)
 .debug_aranges
                0x00000348       0x20 c:/altera/11.0/nios2eds/bin/gnu/h-i686-mingw32/bin/../lib/gcc/nios2-elf/4.1.2/../../../../nios2-elf/lib/mhw-mulx\libsmallc.a(lib_a-freer.o)
 .debug_aranges
                0x00000368       0x20 c:/altera/11.0/nios2eds/bin/gnu/h-i686-mingw32/bin/../lib/gcc/nios2-elf/4.1.2/../../../../nios2-elf/lib/mhw-mulx\libsmallc.a(lib_a-fvwrite_small_dev.o)
 .debug_aranges
                0x00000388       0x20 c:/altera/11.0/nios2eds/bin/gnu/h-i686-mingw32/bin/../lib/gcc/nios2-elf/4.1.2/../../../../nios2-elf/lib/mhw-mulx\libsmallc.a(lib_a-putc.o)
 .debug_aranges
                0x000003a8       0x20 c:/altera/11.0/nios2eds/bin/gnu/h-i686-mingw32/bin/../lib/gcc/nios2-elf/4.1.2/../../../../nios2-elf/lib/mhw-mulx\libsmallc.a(lib_a-writer.o)
 .debug_aranges
                0x000003c8       0x20 ../SSD_EMU_bsp/\libhal_bsp.a(alt_flash_dev.o)
 .debug_aranges
                0x000003e8       0x20 ../SSD_EMU_bsp/\libhal_bsp.a(alt_load.o)
 .debug_aranges
                0x00000408       0x20 ../SSD_EMU_bsp/\libhal_bsp.a(alt_main.o)
 .debug_aranges
                0x00000428       0x20 ../SSD_EMU_bsp/\libhal_bsp.a(alt_malloc_lock.o)
 .debug_aranges
                0x00000448       0x20 ../SSD_EMU_bsp/\libhal_bsp.a(alt_sbrk.o)
 .debug_aranges
                0x00000468       0x20 ../SSD_EMU_bsp/\libhal_bsp.a(alt_usleep.o)
 .debug_aranges
                0x00000488       0x20 ../SSD_EMU_bsp/\libhal_bsp.a(alt_write.o)
 .debug_aranges
                0x000004a8       0x20 ../SSD_EMU_bsp/\libhal_bsp.a(alt_sys_init.o)
 .debug_aranges
                0x000004c8       0x20 ../SSD_EMU_bsp/\libhal_bsp.a(altera_avalon_cfi_flash.o)
 .debug_aranges
                0x000004e8       0x20 ../SSD_EMU_bsp/\libhal_bsp.a(altera_avalon_cfi_flash_table.o)
 .debug_aranges
                0x00000508       0x20 ../SSD_EMU_bsp/\libhal_bsp.a(altera_avalon_jtag_uart_fd.o)
 .debug_aranges
                0x00000528       0x20 ../SSD_EMU_bsp/\libhal_bsp.a(altera_avalon_jtag_uart_init.o)
 .debug_aranges
                0x00000548       0x20 ../SSD_EMU_bsp/\libhal_bsp.a(altera_avalon_jtag_uart_ioctl.o)
 .debug_aranges
                0x00000568       0x20 ../SSD_EMU_bsp/\libhal_bsp.a(altera_avalon_jtag_uart_read.o)
 .debug_aranges
                0x00000588       0x20 ../SSD_EMU_bsp/\libhal_bsp.a(altera_avalon_jtag_uart_write.o)
 .debug_aranges
                0x000005a8       0x20 ../SSD_EMU_bsp/\libhal_bsp.a(altera_avalon_spi.o)
 .debug_aranges
                0x000005c8       0x20 ../SSD_EMU_bsp/\libhal_bsp.a(altera_avalon_timer_sc.o)
 .debug_aranges
                0x000005e8       0x20 ../SSD_EMU_bsp/\libhal_bsp.a(altera_avalon_timer_ts.o)
 .debug_aranges
                0x00000608       0x20 ../SSD_EMU_bsp/\libhal_bsp.a(alt_alarm_start.o)
 .debug_aranges
                0x00000628       0x20 ../SSD_EMU_bsp/\libhal_bsp.a(alt_busy_sleep.o)
 .debug_aranges
                0x00000648       0x20 ../SSD_EMU_bsp/\libhal_bsp.a(alt_close.o)
 .debug_aranges
                0x00000668       0x20 ../SSD_EMU_bsp/\libhal_bsp.a(alt_dcache_flush.o)
 .debug_aranges
                0x00000688       0x20 ../SSD_EMU_bsp/\libhal_bsp.a(alt_dcache_flush_all.o)
 .debug_aranges
                0x000006a8       0x20 ../SSD_EMU_bsp/\libhal_bsp.a(alt_dev.o)
 .debug_aranges
                0x000006c8       0x20 ../SSD_EMU_bsp/\libhal_bsp.a(alt_dev_llist_insert.o)
 .debug_aranges
                0x000006e8       0x20 ../SSD_EMU_bsp/\libhal_bsp.a(alt_find_dev.o)
 .debug_aranges
                0x00000708       0x20 ../SSD_EMU_bsp/\libhal_bsp.a(alt_icache_flush_all.o)
 .debug_aranges
                0x00000728       0x20 ../SSD_EMU_bsp/\libhal_bsp.a(alt_iic.o)
 .debug_aranges
                0x00000748       0x20 ../SSD_EMU_bsp/\libhal_bsp.a(alt_iic_isr_register.o)
 .debug_aranges
                0x00000768       0x20 ../SSD_EMU_bsp/\libhal_bsp.a(alt_io_redirect.o)
 .debug_aranges
                0x00000788       0x30 ../SSD_EMU_bsp/\libhal_bsp.a(alt_irq_entry.o)
 .debug_aranges
                0x000007b8       0x28 ../SSD_EMU_bsp/\libhal_bsp.a(alt_irq_handler.o)
 .debug_aranges
                0x000007e0       0x20 ../SSD_EMU_bsp/\libhal_bsp.a(alt_open.o)
 .debug_aranges
                0x00000800       0x20 ../SSD_EMU_bsp/\libhal_bsp.a(alt_release_fd.o)
 .debug_aranges
                0x00000820       0x20 ../SSD_EMU_bsp/\libhal_bsp.a(alt_tick.o)
 .debug_aranges
                0x00000840       0x20 ../SSD_EMU_bsp/\libhal_bsp.a(altera_nios2_qsys_irq.o)
 .debug_aranges
                0x00000860       0x20 ../SSD_EMU_bsp/\libhal_bsp.a(altera_avalon_cfi_flash_amd.o)
 .debug_aranges
                0x00000880       0x20 ../SSD_EMU_bsp/\libhal_bsp.a(altera_avalon_cfi_flash_intel.o)
 .debug_aranges
                0x000008a0       0x38 ../SSD_EMU_bsp/\libhal_bsp.a(alt_exception_entry.o)
 .debug_aranges
                0x000008d8       0x20 ../SSD_EMU_bsp/\libhal_bsp.a(alt_find_file.o)
 .debug_aranges
                0x000008f8       0x20 ../SSD_EMU_bsp/\libhal_bsp.a(alt_get_fd.o)
 .debug_aranges
                0x00000918       0x20 ../SSD_EMU_bsp/\libhal_bsp.a(alt_icache_flush.o)
 .debug_aranges
                0x00000938       0x20 c:/altera/11.0/nios2eds/bin/gnu/h-i686-mingw32/bin/../lib/gcc/nios2-elf/4.1.2/../../../../nios2-elf/lib/mhw-mulx\libsmallc.a(lib_a-exit.o)
 .debug_aranges
                0x00000958       0x20 c:/altera/11.0/nios2eds/bin/gnu/h-i686-mingw32/bin/../lib/gcc/nios2-elf/4.1.2/../../../../nios2-elf/lib/mhw-mulx\libsmallc.a(lib_a-memcmp.o)
 .debug_aranges
                0x00000978       0x20 c:/altera/11.0/nios2eds/bin/gnu/h-i686-mingw32/bin/../lib/gcc/nios2-elf/4.1.2/../../../../nios2-elf/lib/mhw-mulx\libsmallc.a(lib_a-__call_atexit.o)
 .debug_aranges
                0x00000998       0x20 ../SSD_EMU_bsp/\libhal_bsp.a(alt_exit.o)

.debug_pubnames
                0x00000000     0x17eb
 *(.debug_pubnames)
 .debug_pubnames
                0x00000000       0x37 obj/DES.o
 .debug_pubnames
                0x00000037      0x171 obj/aes.o
 .debug_pubnames
                0x000001a8      0x470 obj/main.o
 .debug_pubnames
                0x00000618       0x62 obj/power_spi.o
 .debug_pubnames
                0x0000067a       0x1f c:/altera/11.0/nios2eds/bin/gnu/h-i686-mingw32/bin/../lib/gcc/nios2-elf/4.1.2/mhw-mulx\libgcc.a(_mul_sf.o)
 .debug_pubnames
                0x00000699       0x1f c:/altera/11.0/nios2eds/bin/gnu/h-i686-mingw32/bin/../lib/gcc/nios2-elf/4.1.2/mhw-mulx\libgcc.a(_div_sf.o)
 .debug_pubnames
                0x000006b8       0x20 c:/altera/11.0/nios2eds/bin/gnu/h-i686-mingw32/bin/../lib/gcc/nios2-elf/4.1.2/mhw-mulx\libgcc.a(_sf_to_si.o)
 .debug_pubnames
                0x000006d8       0x24 c:/altera/11.0/nios2eds/bin/gnu/h-i686-mingw32/bin/../lib/gcc/nios2-elf/4.1.2/mhw-mulx\libgcc.a(_sf_to_df.o)
 .debug_pubnames
                0x000006fc       0x22 c:/altera/11.0/nios2eds/bin/gnu/h-i686-mingw32/bin/../lib/gcc/nios2-elf/4.1.2/mhw-mulx\libgcc.a(_thenan_sf.o)
 .debug_pubnames
                0x0000071e       0x24 c:/altera/11.0/nios2eds/bin/gnu/h-i686-mingw32/bin/../lib/gcc/nios2-elf/4.1.2/mhw-mulx\libgcc.a(_usi_to_sf.o)
 .debug_pubnames
                0x00000742       0x20 c:/altera/11.0/nios2eds/bin/gnu/h-i686-mingw32/bin/../lib/gcc/nios2-elf/4.1.2/mhw-mulx\libgcc.a(_make_df.o)
 .debug_pubnames
                0x00000762       0x48 c:/altera/11.0/nios2eds/bin/gnu/h-i686-mingw32/bin/../lib/gcc/nios2-elf/4.1.2/mhw-mulx\libgcc.a(lib2-divmod.o)
 .debug_pubnames
                0x000007aa       0x25 c:/altera/11.0/nios2eds/bin/gnu/h-i686-mingw32/bin/../lib/gcc/nios2-elf/4.1.2/mhw-mulx\libgcc.a(lib2-divtable.o)
 .debug_pubnames
                0x000007cf       0x1f c:/altera/11.0/nios2eds/bin/gnu/h-i686-mingw32/bin/../lib/gcc/nios2-elf/4.1.2/mhw-mulx\libgcc.a(_clzsi2.o)
 .debug_pubnames
                0x000007ee       0x1f c:/altera/11.0/nios2eds/bin/gnu/h-i686-mingw32/bin/../lib/gcc/nios2-elf/4.1.2/mhw-mulx\libgcc.a(_pack_sf.o)
 .debug_pubnames
                0x0000080d       0x21 c:/altera/11.0/nios2eds/bin/gnu/h-i686-mingw32/bin/../lib/gcc/nios2-elf/4.1.2/mhw-mulx\libgcc.a(_unpack_sf.o)
 .debug_pubnames
                0x0000082e       0x1f c:/altera/11.0/nios2eds/bin/gnu/h-i686-mingw32/bin/../lib/gcc/nios2-elf/4.1.2/mhw-mulx\libgcc.a(_pack_df.o)
 .debug_pubnames
                0x0000084d       0x20 c:/altera/11.0/nios2eds/bin/gnu/h-i686-mingw32/bin/../lib/gcc/nios2-elf/4.1.2/mhw-mulx\libgcc.a(_clz.o)
 .debug_pubnames
                0x0000086d       0x26 c:/altera/11.0/nios2eds/bin/gnu/h-i686-mingw32/bin/../lib/gcc/nios2-elf/4.1.2/../../../../nios2-elf/lib/mhw-mulx\libsmallc.a(lib_a-malloc.o)
 .debug_pubnames
                0x00000893       0xce c:/altera/11.0/nios2eds/bin/gnu/h-i686-mingw32/bin/../lib/gcc/nios2-elf/4.1.2/../../../../nios2-elf/lib/mhw-mulx\libsmallc.a(lib_a-mallocr.o)
 .debug_pubnames
                0x00000961       0x1d c:/altera/11.0/nios2eds/bin/gnu/h-i686-mingw32/bin/../lib/gcc/nios2-elf/4.1.2/../../../../nios2-elf/lib/mhw-mulx\libsmallc.a(lib_a-memcpy.o)
 .debug_pubnames
                0x0000097e       0x1d c:/altera/11.0/nios2eds/bin/gnu/h-i686-mingw32/bin/../lib/gcc/nios2-elf/4.1.2/../../../../nios2-elf/lib/mhw-mulx\libsmallc.a(lib_a-memset.o)
 .debug_pubnames
                0x0000099b       0x2b c:/altera/11.0/nios2eds/bin/gnu/h-i686-mingw32/bin/../lib/gcc/nios2-elf/4.1.2/../../../../nios2-elf/lib/mhw-mulx\libsmallc.a(lib_a-printf.o)
 .debug_pubnames
                0x000009c6       0x2d c:/altera/11.0/nios2eds/bin/gnu/h-i686-mingw32/bin/../lib/gcc/nios2-elf/4.1.2/../../../../nios2-elf/lib/mhw-mulx\libsmallc.a(lib_a-putchar.o)
 .debug_pubnames
                0x000009f3       0x27 c:/altera/11.0/nios2eds/bin/gnu/h-i686-mingw32/bin/../lib/gcc/nios2-elf/4.1.2/../../../../nios2-elf/lib/mhw-mulx\libsmallc.a(lib_a-puts.o)
 .debug_pubnames
                0x00000a1a       0x1e c:/altera/11.0/nios2eds/bin/gnu/h-i686-mingw32/bin/../lib/gcc/nios2-elf/4.1.2/../../../../nios2-elf/lib/mhw-mulx\libsmallc.a(lib_a-sbrkr.o)
 .debug_pubnames
                0x00000a38       0x1d c:/altera/11.0/nios2eds/bin/gnu/h-i686-mingw32/bin/../lib/gcc/nios2-elf/4.1.2/../../../../nios2-elf/lib/mhw-mulx\libsmallc.a(lib_a-strlen.o)
 .debug_pubnames
                0x00000a55       0x45 c:/altera/11.0/nios2eds/bin/gnu/h-i686-mingw32/bin/../lib/gcc/nios2-elf/4.1.2/../../../../nios2-elf/lib/mhw-mulx\libsmallc.a(lib_a-vfprintf.o)
 .debug_pubnames
                0x00000a9a       0x31 c:/altera/11.0/nios2eds/bin/gnu/h-i686-mingw32/bin/../lib/gcc/nios2-elf/4.1.2/../../../../nios2-elf/lib/mhw-mulx\libsmallc.a(lib_a-freer.o)
 .debug_pubnames
                0x00000acb       0x2b c:/altera/11.0/nios2eds/bin/gnu/h-i686-mingw32/bin/../lib/gcc/nios2-elf/4.1.2/../../../../nios2-elf/lib/mhw-mulx\libsmallc.a(lib_a-fvwrite_small_dev.o)
 .debug_pubnames
                0x00000af6       0x39 c:/altera/11.0/nios2eds/bin/gnu/h-i686-mingw32/bin/../lib/gcc/nios2-elf/4.1.2/../../../../nios2-elf/lib/mhw-mulx\libsmallc.a(lib_a-impure.o)
 .debug_pubnames
                0x00000b2f       0x1c c:/altera/11.0/nios2eds/bin/gnu/h-i686-mingw32/bin/../lib/gcc/nios2-elf/4.1.2/../../../../nios2-elf/lib/mhw-mulx\libsmallc.a(lib_a-int_errno.o)
 .debug_pubnames
                0x00000b4b       0x27 c:/altera/11.0/nios2eds/bin/gnu/h-i686-mingw32/bin/../lib/gcc/nios2-elf/4.1.2/../../../../nios2-elf/lib/mhw-mulx\libsmallc.a(lib_a-putc.o)
 .debug_pubnames
                0x00000b72       0x1f c:/altera/11.0/nios2eds/bin/gnu/h-i686-mingw32/bin/../lib/gcc/nios2-elf/4.1.2/../../../../nios2-elf/lib/mhw-mulx\libsmallc.a(lib_a-writer.o)
 .debug_pubnames
                0x00000b91       0x58 ../SSD_EMU_bsp/\libhal_bsp.a(alt_flash_dev.o)
 .debug_pubnames
                0x00000be9       0x1f ../SSD_EMU_bsp/\libhal_bsp.a(alt_load.o)
 .debug_pubnames
                0x00000c08       0x46 ../SSD_EMU_bsp/\libhal_bsp.a(alt_main.o)
 .debug_pubnames
                0x00000c4e       0x38 ../SSD_EMU_bsp/\libhal_bsp.a(alt_malloc_lock.o)
 .debug_pubnames
                0x00000c86       0x1b ../SSD_EMU_bsp/\libhal_bsp.a(alt_sbrk.o)
 .debug_pubnames
                0x00000ca1       0x1d ../SSD_EMU_bsp/\libhal_bsp.a(alt_usleep.o)
 .debug_pubnames
                0x00000cbe       0x1c ../SSD_EMU_bsp/\libhal_bsp.a(alt_write.o)
 .debug_pubnames
                0x00000cda       0x34 ../SSD_EMU_bsp/\libhal_bsp.a(alt_sys_init.o)
 .debug_pubnames
                0x00000d0e       0xac ../SSD_EMU_bsp/\libhal_bsp.a(altera_avalon_cfi_flash.o)
 .debug_pubnames
                0x00000dba      0x27a ../SSD_EMU_bsp/\libhal_bsp.a(altera_avalon_cfi_flash_table.o)
 .debug_pubnames
                0x00001034       0xa5 ../SSD_EMU_bsp/\libhal_bsp.a(altera_avalon_jtag_uart_fd.o)
 .debug_pubnames
                0x000010d9       0x55 ../SSD_EMU_bsp/\libhal_bsp.a(altera_avalon_jtag_uart_init.o)
 .debug_pubnames
                0x0000112e       0x34 ../SSD_EMU_bsp/\libhal_bsp.a(altera_avalon_jtag_uart_ioctl.o)
 .debug_pubnames
                0x00001162       0x33 ../SSD_EMU_bsp/\libhal_bsp.a(altera_avalon_jtag_uart_read.o)
 .debug_pubnames
                0x00001195       0x34 ../SSD_EMU_bsp/\libhal_bsp.a(altera_avalon_jtag_uart_write.o)
 .debug_pubnames
                0x000011c9       0x2d ../SSD_EMU_bsp/\libhal_bsp.a(altera_avalon_spi.o)
 .debug_pubnames
                0x000011f6       0x2f ../SSD_EMU_bsp/\libhal_bsp.a(altera_avalon_timer_sc.o)
 .debug_pubnames
                0x00001225       0x53 ../SSD_EMU_bsp/\libhal_bsp.a(altera_avalon_timer_ts.o)
 .debug_pubnames
                0x00001278       0x52 ../SSD_EMU_bsp/\libhal_bsp.a(altera_avalon_timer_vars.o)
 .debug_pubnames
                0x000012ca       0x26 ../SSD_EMU_bsp/\libhal_bsp.a(alt_alarm_start.o)
 .debug_pubnames
                0x000012f0       0x25 ../SSD_EMU_bsp/\libhal_bsp.a(alt_busy_sleep.o)
 .debug_pubnames
                0x00001315       0x1c ../SSD_EMU_bsp/\libhal_bsp.a(alt_close.o)
 .debug_pubnames
                0x00001331       0x27 ../SSD_EMU_bsp/\libhal_bsp.a(alt_dcache_flush.o)
 .debug_pubnames
                0x00001358       0x2b ../SSD_EMU_bsp/\libhal_bsp.a(alt_dcache_flush_all.o)
 .debug_pubnames
                0x00001383       0x63 ../SSD_EMU_bsp/\libhal_bsp.a(alt_dev.o)
 .debug_pubnames
                0x000013e6       0x2b ../SSD_EMU_bsp/\libhal_bsp.a(alt_dev_llist_insert.o)
 .debug_pubnames
                0x00001411       0x20 ../SSD_EMU_bsp/\libhal_bsp.a(alt_errno.o)
 .debug_pubnames
                0x00001431       0x23 ../SSD_EMU_bsp/\libhal_bsp.a(alt_find_dev.o)
 .debug_pubnames
                0x00001454       0x2b ../SSD_EMU_bsp/\libhal_bsp.a(alt_icache_flush_all.o)
 .debug_pubnames
                0x0000147f       0x6e ../SSD_EMU_bsp/\libhal_bsp.a(alt_iic.o)
 .debug_pubnames
                0x000014ed       0x2b ../SSD_EMU_bsp/\libhal_bsp.a(alt_iic_isr_register.o)
 .debug_pubnames
                0x00001518       0x26 ../SSD_EMU_bsp/\libhal_bsp.a(alt_io_redirect.o)
 .debug_pubnames
                0x0000153e       0x32 ../SSD_EMU_bsp/\libhal_bsp.a(alt_irq_handler.o)
 .debug_pubnames
                0x00001570       0x3b ../SSD_EMU_bsp/\libhal_bsp.a(alt_irq_vars.o)
 .debug_pubnames
                0x000015ab       0x1b ../SSD_EMU_bsp/\libhal_bsp.a(alt_open.o)
 .debug_pubnames
                0x000015c6       0x25 ../SSD_EMU_bsp/\libhal_bsp.a(alt_release_fd.o)
 .debug_pubnames
                0x000015eb       0x68 ../SSD_EMU_bsp/\libhal_bsp.a(alt_tick.o)
 .debug_pubnames
                0x00001653       0x31 ../SSD_EMU_bsp/\libhal_bsp.a(altera_nios2_qsys_irq.o)
 .debug_pubnames
                0x00001684       0x3e ../SSD_EMU_bsp/\libhal_bsp.a(altera_avalon_cfi_flash_amd.o)
 .debug_pubnames
                0x000016c2       0x42 ../SSD_EMU_bsp/\libhal_bsp.a(altera_avalon_cfi_flash_intel.o)
 .debug_pubnames
                0x00001704       0x24 ../SSD_EMU_bsp/\libhal_bsp.a(alt_find_file.o)
 .debug_pubnames
                0x00001728       0x21 ../SSD_EMU_bsp/\libhal_bsp.a(alt_get_fd.o)
 .debug_pubnames
                0x00001749       0x27 ../SSD_EMU_bsp/\libhal_bsp.a(alt_icache_flush.o)
 .debug_pubnames
                0x00001770       0x1b c:/altera/11.0/nios2eds/bin/gnu/h-i686-mingw32/bin/../lib/gcc/nios2-elf/4.1.2/../../../../nios2-elf/lib/mhw-mulx\libsmallc.a(lib_a-exit.o)
 .debug_pubnames
                0x0000178b       0x1d c:/altera/11.0/nios2eds/bin/gnu/h-i686-mingw32/bin/../lib/gcc/nios2-elf/4.1.2/../../../../nios2-elf/lib/mhw-mulx\libsmallc.a(lib_a-memcmp.o)
 .debug_pubnames
                0x000017a8       0x27 c:/altera/11.0/nios2eds/bin/gnu/h-i686-mingw32/bin/../lib/gcc/nios2-elf/4.1.2/../../../../nios2-elf/lib/mhw-mulx\libsmallc.a(lib_a-__call_atexit.o)
 .debug_pubnames
                0x000017cf       0x1c ../SSD_EMU_bsp/\libhal_bsp.a(alt_exit.o)

.debug_info     0x00000000    0x16d88
 *(.debug_info .gnu.linkonce.wi.*)
 .debug_info    0x00000000       0x74 ../SSD_EMU_bsp//obj/HAL/src/crt0.o
 .debug_info    0x00000074      0x6a9 obj/DES.o
 .debug_info    0x0000071d      0xae7 obj/aes.o
 .debug_info    0x00001204        0x0 obj/cpu_energy_test.o
 .debug_info    0x00001204      0xd9c obj/main.o
 .debug_info    0x00001fa0      0x3de obj/power_spi.o
 .debug_info    0x0000237e      0x3d1 c:/altera/11.0/nios2eds/bin/gnu/h-i686-mingw32/bin/../lib/gcc/nios2-elf/4.1.2/mhw-mulx\libgcc.a(_mul_sf.o)
 .debug_info    0x0000274f      0x391 c:/altera/11.0/nios2eds/bin/gnu/h-i686-mingw32/bin/../lib/gcc/nios2-elf/4.1.2/mhw-mulx\libgcc.a(_div_sf.o)
 .debug_info    0x00002ae0      0x2c1 c:/altera/11.0/nios2eds/bin/gnu/h-i686-mingw32/bin/../lib/gcc/nios2-elf/4.1.2/mhw-mulx\libgcc.a(_sf_to_si.o)
 .debug_info    0x00002da1      0x245 c:/altera/11.0/nios2eds/bin/gnu/h-i686-mingw32/bin/../lib/gcc/nios2-elf/4.1.2/mhw-mulx\libgcc.a(_sf_to_df.o)
 .debug_info    0x00002fe6      0x164 c:/altera/11.0/nios2eds/bin/gnu/h-i686-mingw32/bin/../lib/gcc/nios2-elf/4.1.2/mhw-mulx\libgcc.a(_thenan_sf.o)
 .debug_info    0x0000314a      0x213 c:/altera/11.0/nios2eds/bin/gnu/h-i686-mingw32/bin/../lib/gcc/nios2-elf/4.1.2/mhw-mulx\libgcc.a(_usi_to_sf.o)
 .debug_info    0x0000335d      0x1d6 c:/altera/11.0/nios2eds/bin/gnu/h-i686-mingw32/bin/../lib/gcc/nios2-elf/4.1.2/mhw-mulx\libgcc.a(_make_df.o)
 .debug_info    0x00003533      0x21c c:/altera/11.0/nios2eds/bin/gnu/h-i686-mingw32/bin/../lib/gcc/nios2-elf/4.1.2/mhw-mulx\libgcc.a(lib2-divmod.o)
 .debug_info    0x0000374f       0xae c:/altera/11.0/nios2eds/bin/gnu/h-i686-mingw32/bin/../lib/gcc/nios2-elf/4.1.2/mhw-mulx\libgcc.a(lib2-divtable.o)
 .debug_info    0x000037fd      0x130 c:/altera/11.0/nios2eds/bin/gnu/h-i686-mingw32/bin/../lib/gcc/nios2-elf/4.1.2/mhw-mulx\libgcc.a(_clzsi2.o)
 .debug_info    0x0000392d      0x2f2 c:/altera/11.0/nios2eds/bin/gnu/h-i686-mingw32/bin/../lib/gcc/nios2-elf/4.1.2/mhw-mulx\libgcc.a(_pack_sf.o)
 .debug_info    0x00003c1f      0x25a c:/altera/11.0/nios2eds/bin/gnu/h-i686-mingw32/bin/../lib/gcc/nios2-elf/4.1.2/mhw-mulx\libgcc.a(_unpack_sf.o)
 .debug_info    0x00003e79      0x2fc c:/altera/11.0/nios2eds/bin/gnu/h-i686-mingw32/bin/../lib/gcc/nios2-elf/4.1.2/mhw-mulx\libgcc.a(_pack_df.o)
 .debug_info    0x00004175       0xc9 c:/altera/11.0/nios2eds/bin/gnu/h-i686-mingw32/bin/../lib/gcc/nios2-elf/4.1.2/mhw-mulx\libgcc.a(_clz.o)
 .debug_info    0x0000423e      0x667 c:/altera/11.0/nios2eds/bin/gnu/h-i686-mingw32/bin/../lib/gcc/nios2-elf/4.1.2/../../../../nios2-elf/lib/mhw-mulx\libsmallc.a(lib_a-malloc.o)
 .debug_info    0x000048a5      0x9c9 c:/altera/11.0/nios2eds/bin/gnu/h-i686-mingw32/bin/../lib/gcc/nios2-elf/4.1.2/../../../../nios2-elf/lib/mhw-mulx\libsmallc.a(lib_a-mallocr.o)
 .debug_info    0x0000526e       0xc2 c:/altera/11.0/nios2eds/bin/gnu/h-i686-mingw32/bin/../lib/gcc/nios2-elf/4.1.2/../../../../nios2-elf/lib/mhw-mulx\libsmallc.a(lib_a-memcpy.o)
 .debug_info    0x00005330       0xd7 c:/altera/11.0/nios2eds/bin/gnu/h-i686-mingw32/bin/../lib/gcc/nios2-elf/4.1.2/../../../../nios2-elf/lib/mhw-mulx\libsmallc.a(lib_a-memset.o)
 .debug_info    0x00005407      0x6c8 c:/altera/11.0/nios2eds/bin/gnu/h-i686-mingw32/bin/../lib/gcc/nios2-elf/4.1.2/../../../../nios2-elf/lib/mhw-mulx\libsmallc.a(lib_a-printf.o)
 .debug_info    0x00005acf      0x66b c:/altera/11.0/nios2eds/bin/gnu/h-i686-mingw32/bin/../lib/gcc/nios2-elf/4.1.2/../../../../nios2-elf/lib/mhw-mulx\libsmallc.a(lib_a-putchar.o)
 .debug_info    0x0000613a      0x685 c:/altera/11.0/nios2eds/bin/gnu/h-i686-mingw32/bin/../lib/gcc/nios2-elf/4.1.2/../../../../nios2-elf/lib/mhw-mulx\libsmallc.a(lib_a-puts.o)
 .debug_info    0x000067bf      0x65b c:/altera/11.0/nios2eds/bin/gnu/h-i686-mingw32/bin/../lib/gcc/nios2-elf/4.1.2/../../../../nios2-elf/lib/mhw-mulx\libsmallc.a(lib_a-sbrkr.o)
 .debug_info    0x00006e1a       0xc2 c:/altera/11.0/nios2eds/bin/gnu/h-i686-mingw32/bin/../lib/gcc/nios2-elf/4.1.2/../../../../nios2-elf/lib/mhw-mulx\libsmallc.a(lib_a-strlen.o)
 .debug_info    0x00006edc      0x94c c:/altera/11.0/nios2eds/bin/gnu/h-i686-mingw32/bin/../lib/gcc/nios2-elf/4.1.2/../../../../nios2-elf/lib/mhw-mulx\libsmallc.a(lib_a-vfprintf.o)
 .debug_info    0x00007828      0x8c2 c:/altera/11.0/nios2eds/bin/gnu/h-i686-mingw32/bin/../lib/gcc/nios2-elf/4.1.2/../../../../nios2-elf/lib/mhw-mulx\libsmallc.a(lib_a-freer.o)
 .debug_info    0x000080ea      0x68e c:/altera/11.0/nios2eds/bin/gnu/h-i686-mingw32/bin/../lib/gcc/nios2-elf/4.1.2/../../../../nios2-elf/lib/mhw-mulx\libsmallc.a(lib_a-fvwrite_small_dev.o)
 .debug_info    0x00008778      0x636 c:/altera/11.0/nios2eds/bin/gnu/h-i686-mingw32/bin/../lib/gcc/nios2-elf/4.1.2/../../../../nios2-elf/lib/mhw-mulx\libsmallc.a(lib_a-impure.o)
 .debug_info    0x00008dae       0x8c c:/altera/11.0/nios2eds/bin/gnu/h-i686-mingw32/bin/../lib/gcc/nios2-elf/4.1.2/../../../../nios2-elf/lib/mhw-mulx\libsmallc.a(lib_a-int_errno.o)
 .debug_info    0x00008e3a      0x6b8 c:/altera/11.0/nios2eds/bin/gnu/h-i686-mingw32/bin/../lib/gcc/nios2-elf/4.1.2/../../../../nios2-elf/lib/mhw-mulx\libsmallc.a(lib_a-putc.o)
 .debug_info    0x000094f2      0x68c c:/altera/11.0/nios2eds/bin/gnu/h-i686-mingw32/bin/../lib/gcc/nios2-elf/4.1.2/../../../../nios2-elf/lib/mhw-mulx\libsmallc.a(lib_a-writer.o)
 .debug_info    0x00009b7e      0x592 ../SSD_EMU_bsp/\libhal_bsp.a(alt_flash_dev.o)
 .debug_info    0x0000a110      0x286 ../SSD_EMU_bsp/\libhal_bsp.a(alt_load.o)
 .debug_info    0x0000a396      0x21e ../SSD_EMU_bsp/\libhal_bsp.a(alt_main.o)
 .debug_info    0x0000a5b4      0xc11 ../SSD_EMU_bsp/\libhal_bsp.a(alt_malloc_lock.o)
 .debug_info    0x0000b1c5      0x2b0 ../SSD_EMU_bsp/\libhal_bsp.a(alt_sbrk.o)
 .debug_info    0x0000b475      0x161 ../SSD_EMU_bsp/\libhal_bsp.a(alt_usleep.o)
 .debug_info    0x0000b5d6      0x68c ../SSD_EMU_bsp/\libhal_bsp.a(alt_write.o)
 .debug_info    0x0000bc62      0xc27 ../SSD_EMU_bsp/\libhal_bsp.a(alt_sys_init.o)
 .debug_info    0x0000c889      0xb42 ../SSD_EMU_bsp/\libhal_bsp.a(altera_avalon_cfi_flash.o)